******************************************************************************
                  TI ARM Linker PC v20.2.7                     
******************************************************************************
>> Linked Wed Mar 26 19:40:22 2025

OUTPUT FILE NAME:   <Ass_6.out>
ENTRY POINT SYMBOL: "_c_int00_noargs"  address: 00001f25


MEMORY CONFIGURATION

         name            origin    length      used     unused   attr    fill
----------------------  --------  ---------  --------  --------  ----  --------
  FLASH                 00000000   00040000  00001fe0  0003e020  R  X
  SRAM                  20000000   00008000  00000ca3  0000735d  RW X


SEGMENT ALLOCATION MAP

run origin  load origin   length   init length attrs members
----------  ----------- ---------- ----------- ----- -------
00000000    00000000    00001fe0   00001fe0    r-x
  00000000    00000000    0000026c   0000026c    r-- .intvecs
  0000026c    0000026c    00001d2e   00001d2e    r-x .text
  00001f9a    00001f9a    00000016   00000016    r-- .const
  00001fb0    00001fb0    00000030   00000030    r-- .cinit
20000000    20000000    00000ca5   00000000    rw-
  20000000    20000000    00000a8e   00000000    rw- .bss
  20000a90    20000a90    00000200   00000000    rw- .stack
  20000c90    20000c90    00000015   00000000    rw- .data


SECTION ALLOCATION MAP

 output                                  attributes/
section   page    origin      length       input sections
--------  ----  ----------  ----------   ----------------
.intvecs   0    00000000    0000026c     
                  00000000    0000026c     tm4c123gh6pm_startup_ccs.obj (.intvecs)

.text      0    0000026c    00001d2e     
                  0000026c    00000694     rtcs.obj (.text)
                  00000900    00000514     string.obj (.text)
                  00000e14    00000440     ui.obj (.text)
                  00001254    00000348     lcd.obj (.text)
                  0000159c    00000230     uart.obj (.text)
                  000017cc    0000017c     key.obj (.text)
                  00001948    0000016c     rtc.obj (.text)
                  00001ab4    000000c8     file.obj (.text)
                  00001b7c    0000009c     main.obj (.text)
                  00001c18    0000009c     rtsv7M4_T_le_v4SPD16_eabi.lib : memcpy_t2.asm.obj (.text)
                  00001cb4    0000008c     gpio.obj (.text)
                  00001d40    0000007c     systick.obj (.text)
                  00001dbc    0000007a     rtsv7M4_T_le_v4SPD16_eabi.lib : memset_t2.asm.obj (.text)
                  00001e36    00000068                                   : copy_decompress_lzss.c.obj (.text:decompress:lzss:__TI_decompress_lzss)
                  00001e9e    00000002                                   : div0.asm.obj (.text)
                  00001ea0    00000044                                   : autoinit.c.obj (.text:__TI_auto_init_nobinit_nopinit:__TI_auto_init_nobinit_nopinit)
                  00001ee4    00000040                                   : u_divt2.asm.obj (.text)
                  00001f24    00000034                                   : boot_cortex_m.c.obj (.text:_c_int00_noargs:_c_int00_noargs)
                  00001f58    00000014                                   : strcpy.c.obj (.text:strcpy)
                  00001f6c    0000000e                                   : copy_decompress_none.c.obj (.text:decompress:none:__TI_decompress_none)
                  00001f7a    0000000c                                   : copy_zero_init.c.obj (.text:decompress:ZI:__TI_zero_init)
                  00001f86    0000000c     tm4c123gh6pm_startup_ccs.obj (.text)
                  00001f92    00000004     rtsv7M4_T_le_v4SPD16_eabi.lib : pre_init.c.obj (.text:_system_pre_init)
                  00001f96    00000004                                   : exit.c.obj (.text:abort:abort)

.const     0    00001f9a    00000016     
                  00001f9a    0000000c     key.obj (.const:$P$T0$1)
                  00001fa6    0000000a     lcd.obj (.const:.string:LCD_init_sequense)

.cinit     0    00001fb0    00000030     
                  00001fb0    0000000c     (__TI_handler_table)
                  00001fbc    00000004     --HOLE-- [fill = 0]
                  00001fc0    00000008     (.cinit..bss.load) [load image, compression = zero_init]
                  00001fc8    00000008     (.cinit..data.load) [load image, compression = lzss]
                  00001fd0    00000010     (__TI_cinit_table)

.init_array 
*          0    00000000    00000000     UNINITIALIZED

.bss       0    20000000    00000a8e     UNINITIALIZED
                  20000000    00000840     (.common:poq)
                  20000840    000000c0     (.common:pos)
                  20000900    000000c0     (.common:pot)
                  200009c0    00000080     (.common:InBuf)
                  20000a40    00000040     (.common:pof)
                  20000a80    00000008     ui.obj (.bss:Buf$1)
                  20000a88    00000001     (.common:LCD_init)
                  20000a89    00000001     (.common:current_task)
                  20000a8a    00000001     (.common:hour)
                  20000a8b    00000001     (.common:i)
                  20000a8c    00000001     (.common:min)
                  20000a8d    00000001     (.common:sec)

.data      0    20000c90    00000015     UNINITIALIZED
                  20000c90    0000000e     ui.obj (.data:buffer)
                  20000c9e    00000002     lcd.obj (.data)
                  20000ca0    00000004     systick.obj (.data)
                  20000ca4    00000001     rtcs.obj (.data)

.stack     0    20000a90    00000200     UNINITIALIZED
                  20000a90    00000004     rtsv7M4_T_le_v4SPD16_eabi.lib : boot_cortex_m.c.obj (.stack)
                  20000a94    000001fc     --HOLE--

__llvm_prf_cnts 
*          0    20000000    00000000     UNINITIALIZED

MODULE SUMMARY

       Module                         code   ro data   rw data
       ------                         ----   -------   -------
    .\
       rtcs.obj                       1684   0         2498   
       string.obj                     1300   0         0      
       ui.obj                         1088   0         151    
       lcd.obj                        840    10        3      
       tm4c123gh6pm_startup_ccs.obj   12     620       0      
       uart.obj                       560    0         0      
       key.obj                        380    12        0      
       rtc.obj                        364    0         3      
       file.obj                       200    0         64     
       main.obj                       156    0         0      
       gpio.obj                       140    0         0      
       systick.obj                    124    0         4      
    +--+------------------------------+------+---------+---------+
       Total:                         6848   642       2723   
                                                              
    C:\ti\ccs1260\ccs\tools\compiler\ti-cgt-arm_20.2.7.LTS\lib\rtsv7M4_T_le_v4SPD16_eabi.lib
       memcpy_t2.asm.obj              156    0         0      
       memset_t2.asm.obj              122    0         0      
       copy_decompress_lzss.c.obj     104    0         0      
       autoinit.c.obj                 68     0         0      
       u_divt2.asm.obj                64     0         0      
       boot_cortex_m.c.obj            52     0         0      
       strcpy.c.obj                   20     0         0      
       copy_decompress_none.c.obj     14     0         0      
       copy_zero_init.c.obj           12     0         0      
       exit.c.obj                     4      0         0      
       pre_init.c.obj                 4      0         0      
       div0.asm.obj                   2      0         0      
    +--+------------------------------+------+---------+---------+
       Total:                         622    0         0      
                                                              
       Stack:                         0      0         512    
       Linker Generated:              0      44        0      
    +--+------------------------------+------+---------+---------+
       Grand Total:                   7470   686       3235   


LINKER GENERATED COPY TABLES

__TI_cinit_table @ 00001fd0 records: 2, size/record: 8, table size: 16
	.bss: load addr=00001fc0, load size=00000008 bytes, run addr=20000000, run size=00000a8e bytes, compression=zero_init
	.data: load addr=00001fc8, load size=00000008 bytes, run addr=20000c90, run size=00000015 bytes, compression=lzss


LINKER GENERATED HANDLER TABLE

__TI_handler_table @ 00001fb0 records: 3, size/record: 4, table size: 12
	index: 0, handler: __TI_decompress_lzss
	index: 1, handler: __TI_decompress_none
	index: 2, handler: __TI_zero_init


GLOBAL SYMBOLS: SORTED ALPHABETICALLY BY Name 

address   name                          
-------   ----                          
00001f97  C$$EXIT                       
200009c0  InBuf                         
20000a88  LCD_init                      
00001fa6  LCD_init_sequense             
20000c9e  LCD_state                     
00001f87  ResetISR                      
0000145f  Set_cursor                    
20000c90  __STACK_END                   
00000200  __STACK_SIZE                  
20000c90  __STACK_TOP                   
00001fd0  __TI_CINIT_Base               
00001fe0  __TI_CINIT_Limit              
00001fb0  __TI_Handler_Table_Base       
00001fbc  __TI_Handler_Table_Limit      
00001ea1  __TI_auto_init_nobinit_nopinit
00001e37  __TI_decompress_lzss          
00001f6d  __TI_decompress_none          
ffffffff  __TI_pprof_out_hndl           
ffffffff  __TI_prof_data_size           
ffffffff  __TI_prof_data_start          
00000000  __TI_static_base__            
00001f7b  __TI_zero_init                
00001e9f  __aeabi_idiv0                 
00001e9f  __aeabi_ldiv0                 
00001dbd  __aeabi_memclr                
00001dbd  __aeabi_memclr4               
00001dbd  __aeabi_memclr8               
00001c19  __aeabi_memcpy                
00001c19  __aeabi_memcpy4               
00001c19  __aeabi_memcpy8               
00001dbf  __aeabi_memset                
00001dbf  __aeabi_memset4               
00001dbf  __aeabi_memset8               
00001ee5  __aeabi_uidiv                 
00001ee5  __aeabi_uidivmod              
ffffffff  __binit__                     
ffffffff  __c_args__                    
UNDEFED   __mpu_init                    
20000a90  __stack                       
20000000  __start___llvm_prf_cnts       
20000000  __stop___llvm_prf_cnts        
00001f25  _c_int00_noargs               
UNDEFED   _system_post_cinit            
00001f93  _system_pre_init              
00001f97  abort                         
ffffffff  binit                         
20000c90  buffer                        
00001857  check_column                  
0000144b  clr_LCD                       
20000a89  current_task                  
00000e15  delay                         
00001a19  display_rtc_task              
00000000  g_pfnVectors                  
00001ad7  get_file                      
00001949  get_hour                      
000005a1  get_info                      
00001847  get_keyboard                  
0000194f  get_min                       
00000507  get_queue                     
00001955  get_sec                       
00000f51  get_task_name                 
00000d89  gfprintf                      
00000af5  gprint                        
00000db3  gprintf                       
00000ddd  gsprintf                      
00001455  home_LCD                      
20000a8a  hour                          
20000a8b  i                             
00000277  i_am_alive                    
00001b03  init_files                    
00001cb5  init_gpio                     
000006e1  init_rtcs                     
00001d4b  init_systick                  
00001819  key_catch                     
00001899  key_task                      
000014ab  lcd_task                      
0000164d  lcrh_databits                 
00001691  lcrh_parity                   
00001677  lcrh_stopbits                 
00001b7d  main                          
00001c19  memcpy                        
00001dc5  memset                        
20000a8c  min                           
00001287  move_LCD                      
000003fb  open_queue                    
0000146f  out_LCD                       
000013df  out_LCD_high                  
00001395  out_LCD_low                   
20000a40  pof                           
20000000  poq                           
20000840  pos                           
20000900  pot                           
000003d3  preset_sem                    
00000953  putChars                      
0000097d  putDec                        
00000a71  putHex                        
00000933  putStr                        
00001ab5  put_file                      
0000047b  put_queue                     
00000901  putc1                         
0000026d  retrieve_id                   
000017cd  row                           
00001997  rtc_task                      
00000765  schedule                      
20000a8d  sec                           
0000195b  set_hour                      
0000196f  set_min                       
00001983  set_sec                       
000002b9  set_state                     
000003ad  signal                        
0000064d  start_task                    
00001f59  strcpy                        
00001d41  systick_handler               
20000ca0  ticks                         
000016e5  uart0_fifos_disable           
000016d9  uart0_fifos_enable            
000015b3  uart0_get_q                   
000015cd  uart0_getc                    
000016f1  uart0_init                    
0000159d  uart0_put_q                   
000015e1  uart0_putc                    
000015c3  uart0_rx_rdy                  
000015d5  uart0_tx_rdy                  
000015f5  uart_rx_task                  
00001625  uart_tx_task                  
00001001  ui_key_task                   
00000e31  ui_task                       
000002d7  wait                          
00000305  wait_sem                      
00001255  wr_ch_LCD                     
000013f5  wr_ctrl_LCD                   
0000137f  wr_ctrl_LCD_high              
000012bd  wr_ctrl_LCD_low               
00001269  wr_str_LCD                    


GLOBAL SYMBOLS: SORTED BY Symbol Address 

address   name                          
-------   ----                          
00000000  __TI_static_base__            
00000000  g_pfnVectors                  
00000200  __STACK_SIZE                  
0000026d  retrieve_id                   
00000277  i_am_alive                    
000002b9  set_state                     
000002d7  wait                          
00000305  wait_sem                      
000003ad  signal                        
000003d3  preset_sem                    
000003fb  open_queue                    
0000047b  put_queue                     
00000507  get_queue                     
000005a1  get_info                      
0000064d  start_task                    
000006e1  init_rtcs                     
00000765  schedule                      
00000901  putc1                         
00000933  putStr                        
00000953  putChars                      
0000097d  putDec                        
00000a71  putHex                        
00000af5  gprint                        
00000d89  gfprintf                      
00000db3  gprintf                       
00000ddd  gsprintf                      
00000e15  delay                         
00000e31  ui_task                       
00000f51  get_task_name                 
00001001  ui_key_task                   
00001255  wr_ch_LCD                     
00001269  wr_str_LCD                    
00001287  move_LCD                      
000012bd  wr_ctrl_LCD_low               
0000137f  wr_ctrl_LCD_high              
00001395  out_LCD_low                   
000013df  out_LCD_high                  
000013f5  wr_ctrl_LCD                   
0000144b  clr_LCD                       
00001455  home_LCD                      
0000145f  Set_cursor                    
0000146f  out_LCD                       
000014ab  lcd_task                      
0000159d  uart0_put_q                   
000015b3  uart0_get_q                   
000015c3  uart0_rx_rdy                  
000015cd  uart0_getc                    
000015d5  uart0_tx_rdy                  
000015e1  uart0_putc                    
000015f5  uart_rx_task                  
00001625  uart_tx_task                  
0000164d  lcrh_databits                 
00001677  lcrh_stopbits                 
00001691  lcrh_parity                   
000016d9  uart0_fifos_enable            
000016e5  uart0_fifos_disable           
000016f1  uart0_init                    
000017cd  row                           
00001819  key_catch                     
00001847  get_keyboard                  
00001857  check_column                  
00001899  key_task                      
00001949  get_hour                      
0000194f  get_min                       
00001955  get_sec                       
0000195b  set_hour                      
0000196f  set_min                       
00001983  set_sec                       
00001997  rtc_task                      
00001a19  display_rtc_task              
00001ab5  put_file                      
00001ad7  get_file                      
00001b03  init_files                    
00001b7d  main                          
00001c19  __aeabi_memcpy                
00001c19  __aeabi_memcpy4               
00001c19  __aeabi_memcpy8               
00001c19  memcpy                        
00001cb5  init_gpio                     
00001d41  systick_handler               
00001d4b  init_systick                  
00001dbd  __aeabi_memclr                
00001dbd  __aeabi_memclr4               
00001dbd  __aeabi_memclr8               
00001dbf  __aeabi_memset                
00001dbf  __aeabi_memset4               
00001dbf  __aeabi_memset8               
00001dc5  memset                        
00001e37  __TI_decompress_lzss          
00001e9f  __aeabi_idiv0                 
00001e9f  __aeabi_ldiv0                 
00001ea1  __TI_auto_init_nobinit_nopinit
00001ee5  __aeabi_uidiv                 
00001ee5  __aeabi_uidivmod              
00001f25  _c_int00_noargs               
00001f59  strcpy                        
00001f6d  __TI_decompress_none          
00001f7b  __TI_zero_init                
00001f87  ResetISR                      
00001f93  _system_pre_init              
00001f97  C$$EXIT                       
00001f97  abort                         
00001fa6  LCD_init_sequense             
00001fb0  __TI_Handler_Table_Base       
00001fbc  __TI_Handler_Table_Limit      
00001fd0  __TI_CINIT_Base               
00001fe0  __TI_CINIT_Limit              
20000000  __start___llvm_prf_cnts       
20000000  __stop___llvm_prf_cnts        
20000000  poq                           
20000840  pos                           
20000900  pot                           
200009c0  InBuf                         
20000a40  pof                           
20000a88  LCD_init                      
20000a89  current_task                  
20000a8a  hour                          
20000a8b  i                             
20000a8c  min                           
20000a8d  sec                           
20000a90  __stack                       
20000c90  __STACK_END                   
20000c90  __STACK_TOP                   
20000c90  buffer                        
20000c9e  LCD_state                     
20000ca0  ticks                         
ffffffff  __TI_pprof_out_hndl           
ffffffff  __TI_prof_data_size           
ffffffff  __TI_prof_data_start          
ffffffff  __binit__                     
ffffffff  __c_args__                    
ffffffff  binit                         
UNDEFED   __mpu_init                    
UNDEFED   _system_post_cinit            

[134 symbols]
