******************************************************************************
                  TI ARM Linker PC v20.2.7                     
******************************************************************************
>> Linked Thu Mar 27 10:19:10 2025

OUTPUT FILE NAME:   <Ass_6.out>
ENTRY POINT SYMBOL: "_c_int00_noargs"  address: 00002251


MEMORY CONFIGURATION

         name            origin    length      used     unused   attr    fill
----------------------  --------  ---------  --------  --------  ----  --------
  FLASH                 00000000   00040000  000023ed  0003dc13  R  X
  SRAM                  20000000   00008000  00000d13  000072ed  RW X


SEGMENT ALLOCATION MAP

run origin  load origin   length   init length attrs members
----------  ----------- ---------- ----------- ----- -------
00000000    00000000    000023f0   000023f0    r-x
  00000000    00000000    0000026c   0000026c    r-- .intvecs
  0000026c    0000026c    0000208c   0000208c    r-x .text
  000022f8    000022f8    000000c5   000000c5    r-- .const
  000023c0    000023c0    00000030   00000030    r-- .cinit
20000000    20000000    00000d15   00000000    rw-
  20000000    20000000    00000a7e   00000000    rw- .bss
  20000a80    20000a80    00000200   00000000    rw- .stack
  20000c80    20000c80    00000095   00000000    rw- .data


SECTION ALLOCATION MAP

 output                                  attributes/
section   page    origin      length       input sections
--------  ----  ----------  ----------   ----------------
.intvecs   0    00000000    0000026c     
                  00000000    0000026c     tm4c123gh6pm_startup_ccs.obj (.intvecs)

.text      0    0000026c    0000208c     
                  0000026c    00000778     ui.obj (.text)
                  000009e4    00000688     rtcs.obj (.text)
                  0000106c    00000514     string.obj (.text)
                  00001580    00000348     lcd.obj (.text)
                  000018c8    00000230     uart.obj (.text)
                  00001af8    0000017c     key.obj (.text)
                  00001c74    0000016c     rtc.obj (.text)
                  00001de0    000000c8     file.obj (.text)
                  00001ea8    0000009c     main.obj (.text)
                  00001f44    0000009c     rtsv7M4_T_le_v4SPD16_eabi.lib : memcpy_t2.asm.obj (.text)
                  00001fe0    0000008c     gpio.obj (.text)
                  0000206c    0000007c     systick.obj (.text)
                  000020e8    0000007a     rtsv7M4_T_le_v4SPD16_eabi.lib : memset_t2.asm.obj (.text)
                  00002162    00000068                                   : copy_decompress_lzss.c.obj (.text:decompress:lzss:__TI_decompress_lzss)
                  000021ca    00000002                                   : div0.asm.obj (.text)
                  000021cc    00000044                                   : autoinit.c.obj (.text:__TI_auto_init_nobinit_nopinit:__TI_auto_init_nobinit_nopinit)
                  00002210    00000040                                   : u_divt2.asm.obj (.text)
                  00002250    00000034                                   : boot_cortex_m.c.obj (.text:_c_int00_noargs:_c_int00_noargs)
                  00002284    0000001e                                   : strcat.c.obj (.text:strcat)
                  000022a2    00000014                                   : strcpy.c.obj (.text:strcpy)
                  000022b6    00000014                                   : strlen.c.obj (.text:strlen)
                  000022ca    0000000e                                   : copy_decompress_none.c.obj (.text:decompress:none:__TI_decompress_none)
                  000022d8    0000000c                                   : copy_zero_init.c.obj (.text:decompress:ZI:__TI_zero_init)
                  000022e4    0000000c     tm4c123gh6pm_startup_ccs.obj (.text)
                  000022f0    00000004     rtsv7M4_T_le_v4SPD16_eabi.lib : pre_init.c.obj (.text:_system_pre_init)
                  000022f4    00000004                                   : exit.c.obj (.text:abort:abort)

.const     0    000022f8    000000c5     
                  000022f8    000000a0     ui.obj (.const:.string:$P$T0$1)
                  00002398    0000000c     key.obj (.const:$P$T0$1)
                  000023a4    0000000a     lcd.obj (.const:.string:LCD_init_sequense)
                  000023ae    00000006     ui.obj (.const:.string:$P$T1$2)
                  000023b4    00000006     ui.obj (.const:.string:$P$T3$4)
                  000023ba    00000003     ui.obj (.const:.string:$P$T2$3)

.cinit     0    000023c0    00000030     
                  000023c0    0000000c     (__TI_handler_table)
                  000023cc    00000009     (.cinit..data.load) [load image, compression = lzss]
                  000023d5    00000003     --HOLE-- [fill = 0]
                  000023d8    00000008     (.cinit..bss.load) [load image, compression = zero_init]
                  000023e0    00000010     (__TI_cinit_table)

.init_array 
*          0    00000000    00000000     UNINITIALIZED

.bss       0    20000000    00000a7e     UNINITIALIZED
                  20000000    00000830     (.common:poq)
                  20000830    000000c0     (.common:pos)
                  200008f0    000000c0     (.common:pot)
                  200009b0    00000080     (.common:InBuf)
                  20000a30    00000040     (.common:pof)
                  20000a70    00000008     ui.obj (.bss:Buf$5)
                  20000a78    00000001     (.common:LCD_init)
                  20000a79    00000001     (.common:current_task)
                  20000a7a    00000001     (.common:hour)
                  20000a7b    00000001     (.common:i)
                  20000a7c    00000001     (.common:min)
                  20000a7d    00000001     (.common:sec)

.data      0    20000c80    00000095     UNINITIALIZED
                  20000c80    00000080     ui.obj (.data:namebuffer)
                  20000d00    0000000e     ui.obj (.data:buffer)
                  20000d0e    00000002     lcd.obj (.data)
                  20000d10    00000004     systick.obj (.data)
                  20000d14    00000001     rtcs.obj (.data)

.stack     0    20000a80    00000200     UNINITIALIZED
                  20000a80    00000004     rtsv7M4_T_le_v4SPD16_eabi.lib : boot_cortex_m.c.obj (.stack)
                  20000a84    000001fc     --HOLE--

__llvm_prf_cnts 
*          0    20000000    00000000     UNINITIALIZED

MODULE SUMMARY

       Module                         code   ro data   rw data
       ------                         ----   -------   -------
    .\
       rtcs.obj                       1672   0         2482   
       ui.obj                         1912   175       279    
       string.obj                     1300   0         0      
       lcd.obj                        840    10        3      
       tm4c123gh6pm_startup_ccs.obj   12     620       0      
       uart.obj                       560    0         0      
       key.obj                        380    12        0      
       rtc.obj                        364    0         3      
       file.obj                       200    0         64     
       main.obj                       156    0         0      
       gpio.obj                       140    0         0      
       systick.obj                    124    0         4      
    +--+------------------------------+------+---------+---------+
       Total:                         7660   817       2835   
                                                              
    C:\ti\ccs1260\ccs\tools\compiler\ti-cgt-arm_20.2.7.LTS\lib\rtsv7M4_T_le_v4SPD16_eabi.lib
       memcpy_t2.asm.obj              156    0         0      
       memset_t2.asm.obj              122    0         0      
       copy_decompress_lzss.c.obj     104    0         0      
       autoinit.c.obj                 68     0         0      
       u_divt2.asm.obj                64     0         0      
       boot_cortex_m.c.obj            52     0         0      
       strcat.c.obj                   30     0         0      
       strcpy.c.obj                   20     0         0      
       strlen.c.obj                   20     0         0      
       copy_decompress_none.c.obj     14     0         0      
       copy_zero_init.c.obj           12     0         0      
       exit.c.obj                     4      0         0      
       pre_init.c.obj                 4      0         0      
       div0.asm.obj                   2      0         0      
    +--+------------------------------+------+---------+---------+
       Total:                         672    0         0      
                                                              
       Stack:                         0      0         512    
       Linker Generated:              0      45        0      
    +--+------------------------------+------+---------+---------+
       Grand Total:                   8332   862       3347   


LINKER GENERATED COPY TABLES

__TI_cinit_table @ 000023e0 records: 2, size/record: 8, table size: 16
	.data: load addr=000023cc, load size=00000009 bytes, run addr=20000c80, run size=00000095 bytes, compression=lzss
	.bss: load addr=000023d8, load size=00000008 bytes, run addr=20000000, run size=00000a7e bytes, compression=zero_init


LINKER GENERATED HANDLER TABLE

__TI_handler_table @ 000023c0 records: 3, size/record: 4, table size: 12
	index: 0, handler: __TI_decompress_lzss
	index: 1, handler: __TI_decompress_none
	index: 2, handler: __TI_zero_init


GLOBAL SYMBOLS: SORTED ALPHABETICALLY BY Name 

address   name                          
-------   ----                          
000022f5  C$$EXIT                       
200009b0  InBuf                         
20000a78  LCD_init                      
000023a4  LCD_init_sequense             
20000d0e  LCD_state                     
000022e5  ResetISR                      
0000178b  Set_cursor                    
20000c80  __STACK_END                   
00000200  __STACK_SIZE                  
20000c80  __STACK_TOP                   
000023e0  __TI_CINIT_Base               
000023f0  __TI_CINIT_Limit              
000023c0  __TI_Handler_Table_Base       
000023cc  __TI_Handler_Table_Limit      
000021cd  __TI_auto_init_nobinit_nopinit
00002163  __TI_decompress_lzss          
000022cb  __TI_decompress_none          
ffffffff  __TI_pprof_out_hndl           
ffffffff  __TI_prof_data_size           
ffffffff  __TI_prof_data_start          
00000000  __TI_static_base__            
000022d9  __TI_zero_init                
000021cb  __aeabi_idiv0                 
000021cb  __aeabi_ldiv0                 
000020e9  __aeabi_memclr                
000020e9  __aeabi_memclr4               
000020e9  __aeabi_memclr8               
00001f45  __aeabi_memcpy                
00001f45  __aeabi_memcpy4               
00001f45  __aeabi_memcpy8               
000020eb  __aeabi_memset                
000020eb  __aeabi_memset4               
000020eb  __aeabi_memset8               
00002211  __aeabi_uidiv                 
00002211  __aeabi_uidivmod              
ffffffff  __binit__                     
ffffffff  __c_args__                    
UNDEFED   __mpu_init                    
20000a80  __stack                       
20000000  __start___llvm_prf_cnts       
20000000  __stop___llvm_prf_cnts        
00002251  _c_int00_noargs               
UNDEFED   _system_post_cinit            
000022f1  _system_pre_init              
000022f5  abort                         
ffffffff  binit                         
20000d00  buffer                        
00001b83  check_column                  
00001777  clr_LCD                       
20000a79  current_task                  
0000026d  delay                         
00001d45  display_rtc_task              
00000000  g_pfnVectors                  
00001e03  get_file                      
00001c75  get_hour                      
00000d11  get_info                      
00001b73  get_keyboard                  
00001c7b  get_min                       
00000c7d  get_queue                     
00001c81  get_sec                       
00000709  get_task_name                 
000014f5  gfprintf                      
00001261  gprint                        
0000151f  gprintf                       
00001549  gsprintf                      
00001781  home_LCD                      
20000a7a  hour                          
20000a7b  i                             
000009ef  i_am_alive                    
00001e2f  init_files                    
00001fe1  init_gpio                     
00000e4d  init_rtcs                     
00002077  init_systick                  
00001b45  key_catch                     
00001bc5  key_task                      
000017d7  lcd_task                      
00001979  lcrh_databits                 
000019bd  lcrh_parity                   
000019a3  lcrh_stopbits                 
00001ea9  main                          
00001f45  memcpy                        
000020f1  memset                        
20000a7c  min                           
000015b3  move_LCD                      
20000c80  namebuffer                    
00000b73  open_queue                    
0000179b  out_LCD                       
0000170b  out_LCD_high                  
000016c1  out_LCD_low                   
20000a30  pof                           
20000000  poq                           
20000830  pos                           
200008f0  pot                           
00000b4b  preset_sem                    
000010bf  putChars                      
000010e9  putDec                        
000011dd  putHex                        
0000109f  putStr                        
00001de1  put_file                      
00000bf3  put_queue                     
0000106d  putc1                         
000009e5  retrieve_id                   
00001af9  row                           
00001cc3  rtc_task                      
00000ed1  schedule                      
20000a7d  sec                           
00001c87  set_hour                      
00001c9b  set_min                       
00001caf  set_sec                       
00000a31  set_state                     
00000b25  signal                        
00000db9  start_task                    
00002285  strcat                        
000022a3  strcpy                        
000022b7  strlen                        
0000206d  systick_handler               
20000d10  ticks                         
00001a11  uart0_fifos_disable           
00001a05  uart0_fifos_enable            
000018df  uart0_get_q                   
000018f9  uart0_getc                    
00001a1d  uart0_init                    
000018c9  uart0_put_q                   
0000190d  uart0_putc                    
000018ef  uart0_rx_rdy                  
00001901  uart0_tx_rdy                  
00001921  uart_rx_task                  
00001951  uart_tx_task                  
000007e1  ui_key_task                   
00000289  ui_task                       
00000a4f  wait                          
00000a7d  wait_sem                      
00001581  wr_ch_LCD                     
00001721  wr_ctrl_LCD                   
000016ab  wr_ctrl_LCD_high              
000015e9  wr_ctrl_LCD_low               
00001595  wr_str_LCD                    


GLOBAL SYMBOLS: SORTED BY Symbol Address 

address   name                          
-------   ----                          
00000000  __TI_static_base__            
00000000  g_pfnVectors                  
00000200  __STACK_SIZE                  
0000026d  delay                         
00000289  ui_task                       
00000709  get_task_name                 
000007e1  ui_key_task                   
000009e5  retrieve_id                   
000009ef  i_am_alive                    
00000a31  set_state                     
00000a4f  wait                          
00000a7d  wait_sem                      
00000b25  signal                        
00000b4b  preset_sem                    
00000b73  open_queue                    
00000bf3  put_queue                     
00000c7d  get_queue                     
00000d11  get_info                      
00000db9  start_task                    
00000e4d  init_rtcs                     
00000ed1  schedule                      
0000106d  putc1                         
0000109f  putStr                        
000010bf  putChars                      
000010e9  putDec                        
000011dd  putHex                        
00001261  gprint                        
000014f5  gfprintf                      
0000151f  gprintf                       
00001549  gsprintf                      
00001581  wr_ch_LCD                     
00001595  wr_str_LCD                    
000015b3  move_LCD                      
000015e9  wr_ctrl_LCD_low               
000016ab  wr_ctrl_LCD_high              
000016c1  out_LCD_low                   
0000170b  out_LCD_high                  
00001721  wr_ctrl_LCD                   
00001777  clr_LCD                       
00001781  home_LCD                      
0000178b  Set_cursor                    
0000179b  out_LCD                       
000017d7  lcd_task                      
000018c9  uart0_put_q                   
000018df  uart0_get_q                   
000018ef  uart0_rx_rdy                  
000018f9  uart0_getc                    
00001901  uart0_tx_rdy                  
0000190d  uart0_putc                    
00001921  uart_rx_task                  
00001951  uart_tx_task                  
00001979  lcrh_databits                 
000019a3  lcrh_stopbits                 
000019bd  lcrh_parity                   
00001a05  uart0_fifos_enable            
00001a11  uart0_fifos_disable           
00001a1d  uart0_init                    
00001af9  row                           
00001b45  key_catch                     
00001b73  get_keyboard                  
00001b83  check_column                  
00001bc5  key_task                      
00001c75  get_hour                      
00001c7b  get_min                       
00001c81  get_sec                       
00001c87  set_hour                      
00001c9b  set_min                       
00001caf  set_sec                       
00001cc3  rtc_task                      
00001d45  display_rtc_task              
00001de1  put_file                      
00001e03  get_file                      
00001e2f  init_files                    
00001ea9  main                          
00001f45  __aeabi_memcpy                
00001f45  __aeabi_memcpy4               
00001f45  __aeabi_memcpy8               
00001f45  memcpy                        
00001fe1  init_gpio                     
0000206d  systick_handler               
00002077  init_systick                  
000020e9  __aeabi_memclr                
000020e9  __aeabi_memclr4               
000020e9  __aeabi_memclr8               
000020eb  __aeabi_memset                
000020eb  __aeabi_memset4               
000020eb  __aeabi_memset8               
000020f1  memset                        
00002163  __TI_decompress_lzss          
000021cb  __aeabi_idiv0                 
000021cb  __aeabi_ldiv0                 
000021cd  __TI_auto_init_nobinit_nopinit
00002211  __aeabi_uidiv                 
00002211  __aeabi_uidivmod              
00002251  _c_int00_noargs               
00002285  strcat                        
000022a3  strcpy                        
000022b7  strlen                        
000022cb  __TI_decompress_none          
000022d9  __TI_zero_init                
000022e5  ResetISR                      
000022f1  _system_pre_init              
000022f5  C$$EXIT                       
000022f5  abort                         
000023a4  LCD_init_sequense             
000023c0  __TI_Handler_Table_Base       
000023cc  __TI_Handler_Table_Limit      
000023e0  __TI_CINIT_Base               
000023f0  __TI_CINIT_Limit              
20000000  __start___llvm_prf_cnts       
20000000  __stop___llvm_prf_cnts        
20000000  poq                           
20000830  pos                           
200008f0  pot                           
200009b0  InBuf                         
20000a30  pof                           
20000a78  LCD_init                      
20000a79  current_task                  
20000a7a  hour                          
20000a7b  i                             
20000a7c  min                           
20000a7d  sec                           
20000a80  __stack                       
20000c80  __STACK_END                   
20000c80  __STACK_TOP                   
20000c80  namebuffer                    
20000d00  buffer                        
20000d0e  LCD_state                     
20000d10  ticks                         
ffffffff  __TI_pprof_out_hndl           
ffffffff  __TI_prof_data_size           
ffffffff  __TI_prof_data_start          
ffffffff  __binit__                     
ffffffff  __c_args__                    
ffffffff  binit                         
UNDEFED   __mpu_init                    
UNDEFED   _system_post_cinit            

[137 symbols]
