******************************************************************************
                  TI ARM Linker PC v20.2.7                     
******************************************************************************
>> Linked Thu Mar 27 11:44:04 2025

OUTPUT FILE NAME:   <Ass_6.out>
ENTRY POINT SYMBOL: "_c_int00_noargs"  address: 00002685


MEMORY CONFIGURATION

         name            origin    length      used     unused   attr    fill
----------------------  --------  ---------  --------  --------  ----  --------
  FLASH                 00000000   00040000  00002882  0003d77e  R  X
  SRAM                  20000000   00008000  00000d1d  000072e3  RW X


SEGMENT ALLOCATION MAP

run origin  load origin   length   init length attrs members
----------  ----------- ---------- ----------- ----- -------
00000000    00000000    00002888   00002888    r-x
  00000000    00000000    0000026c   0000026c    r-- .intvecs
  0000026c    0000026c    000024c0   000024c0    r-x .text
  0000272c    0000272c    00000126   00000126    r-- .const
  00002858    00002858    00000030   00000030    r-- .cinit
20000000    20000000    00000d1f   00000000    rw-
  20000000    20000000    00000a7e   00000000    rw- .bss
  20000a80    20000a80    00000200   00000000    rw- .stack
  20000c80    20000c80    0000009f   00000000    rw- .data


SECTION ALLOCATION MAP

 output                                  attributes/
section   page    origin      length       input sections
--------  ----  ----------  ----------   ----------------
.intvecs   0    00000000    0000026c     
                  00000000    0000026c     tm4c123gh6pm_startup_ccs.obj (.intvecs)

.text      0    0000026c    000024c0     
                  0000026c    00000b3c     ui.obj (.text)
                  00000da8    000006f8     rtcs.obj (.text)
                  000014a0    00000514     string.obj (.text)
                  000019b4    00000348     lcd.obj (.text)
                  00001cfc    00000230     uart.obj (.text)
                  00001f2c    0000017c     key.obj (.text)
                  000020a8    0000016c     rtc.obj (.text)
                  00002214    000000c8     file.obj (.text)
                  000022dc    0000009c     main.obj (.text)
                  00002378    0000009c     rtsv7M4_T_le_v4SPD16_eabi.lib : memcpy_t2.asm.obj (.text)
                  00002414    0000008c     gpio.obj (.text)
                  000024a0    0000007c     systick.obj (.text)
                  0000251c    0000007a     rtsv7M4_T_le_v4SPD16_eabi.lib : memset_t2.asm.obj (.text)
                  00002596    00000068                                   : copy_decompress_lzss.c.obj (.text:decompress:lzss:__TI_decompress_lzss)
                  000025fe    00000002                                   : div0.asm.obj (.text)
                  00002600    00000044                                   : autoinit.c.obj (.text:__TI_auto_init_nobinit_nopinit:__TI_auto_init_nobinit_nopinit)
                  00002644    00000040                                   : u_divt2.asm.obj (.text)
                  00002684    00000034                                   : boot_cortex_m.c.obj (.text:_c_int00_noargs:_c_int00_noargs)
                  000026b8    0000001e                                   : strcat.c.obj (.text:strcat)
                  000026d6    00000014                                   : strcpy.c.obj (.text:strcpy)
                  000026ea    00000014                                   : strlen.c.obj (.text:strlen)
                  000026fe    0000000e                                   : copy_decompress_none.c.obj (.text:decompress:none:__TI_decompress_none)
                  0000270c    0000000c                                   : copy_zero_init.c.obj (.text:decompress:ZI:__TI_zero_init)
                  00002718    0000000c     tm4c123gh6pm_startup_ccs.obj (.text)
                  00002724    00000004     rtsv7M4_T_le_v4SPD16_eabi.lib : pre_init.c.obj (.text:_system_pre_init)
                  00002728    00000004                                   : exit.c.obj (.text:abort:abort)

.const     0    0000272c    00000126     
                  0000272c    00000080     ui.obj (.const:.string:$P$T0$1)
                  000027ac    00000080     ui.obj (.const:.string:$P$T4$5)
                  0000282c    0000000c     key.obj (.const:$P$T0$1)
                  00002838    0000000a     lcd.obj (.const:.string:LCD_init_sequense)
                  00002842    00000006     ui.obj (.const:.string:$P$T1$2)
                  00002848    00000006     ui.obj (.const:.string:$P$T3$4)
                  0000284e    00000004     ui.obj (.const:.string:$P$T2$3)

.cinit     0    00002858    00000030     
                  00002858    0000000c     (__TI_handler_table)
                  00002864    00000009     (.cinit..data.load) [load image, compression = lzss]
                  0000286d    00000003     --HOLE-- [fill = 0]
                  00002870    00000008     (.cinit..bss.load) [load image, compression = zero_init]
                  00002878    00000010     (__TI_cinit_table)

.init_array 
*          0    00000000    00000000     UNINITIALIZED

.bss       0    20000000    00000a7e     UNINITIALIZED
                  20000000    00000830     (.common:poq)
                  20000830    000000c0     (.common:pos)
                  200008f0    000000c0     (.common:pot)
                  200009b0    00000080     (.common:InBuf)
                  20000a30    00000040     (.common:pof)
                  20000a70    00000008     ui.obj (.bss:Buf$6)
                  20000a78    00000001     (.common:LCD_init)
                  20000a79    00000001     (.common:current_task)
                  20000a7a    00000001     (.common:hour)
                  20000a7b    00000001     (.common:i)
                  20000a7c    00000001     (.common:min)
                  20000a7d    00000001     (.common:sec)

.data      0    20000c80    0000009f     UNINITIALIZED
                  20000c80    00000080     ui.obj (.data:namebuffer)
                  20000d00    0000000e     ui.obj (.data:taskbuffer)
                  20000d0e    0000000a     ui.obj (.data:queuebuffer)
                  20000d18    00000004     systick.obj (.data)
                  20000d1c    00000002     lcd.obj (.data)
                  20000d1e    00000001     rtcs.obj (.data)

.stack     0    20000a80    00000200     UNINITIALIZED
                  20000a80    00000004     rtsv7M4_T_le_v4SPD16_eabi.lib : boot_cortex_m.c.obj (.stack)
                  20000a84    000001fc     --HOLE--

__llvm_prf_cnts 
*          0    20000000    00000000     UNINITIALIZED

MODULE SUMMARY

       Module                         code   ro data   rw data
       ------                         ----   -------   -------
    .\
       rtcs.obj                       1784   0         2482   
       ui.obj                         2876   272       289    
       string.obj                     1300   0         0      
       lcd.obj                        840    10        3      
       tm4c123gh6pm_startup_ccs.obj   12     620       0      
       uart.obj                       560    0         0      
       key.obj                        380    12        0      
       rtc.obj                        364    0         3      
       file.obj                       200    0         64     
       main.obj                       156    0         0      
       gpio.obj                       140    0         0      
       systick.obj                    124    0         4      
    +--+------------------------------+------+---------+---------+
       Total:                         8736   914       2845   
                                                              
    C:\ti\ccs1260\ccs\tools\compiler\ti-cgt-arm_20.2.7.LTS\lib\rtsv7M4_T_le_v4SPD16_eabi.lib
       memcpy_t2.asm.obj              156    0         0      
       memset_t2.asm.obj              122    0         0      
       copy_decompress_lzss.c.obj     104    0         0      
       autoinit.c.obj                 68     0         0      
       u_divt2.asm.obj                64     0         0      
       boot_cortex_m.c.obj            52     0         0      
       strcat.c.obj                   30     0         0      
       strcpy.c.obj                   20     0         0      
       strlen.c.obj                   20     0         0      
       copy_decompress_none.c.obj     14     0         0      
       copy_zero_init.c.obj           12     0         0      
       exit.c.obj                     4      0         0      
       pre_init.c.obj                 4      0         0      
       div0.asm.obj                   2      0         0      
    +--+------------------------------+------+---------+---------+
       Total:                         672    0         0      
                                                              
       Stack:                         0      0         512    
       Linker Generated:              0      45        0      
    +--+------------------------------+------+---------+---------+
       Grand Total:                   9408   959       3357   


LINKER GENERATED COPY TABLES

__TI_cinit_table @ 00002878 records: 2, size/record: 8, table size: 16
	.data: load addr=00002864, load size=00000009 bytes, run addr=20000c80, run size=0000009f bytes, compression=lzss
	.bss: load addr=00002870, load size=00000008 bytes, run addr=20000000, run size=00000a7e bytes, compression=zero_init


LINKER GENERATED HANDLER TABLE

__TI_handler_table @ 00002858 records: 3, size/record: 4, table size: 12
	index: 0, handler: __TI_decompress_lzss
	index: 1, handler: __TI_decompress_none
	index: 2, handler: __TI_zero_init


GLOBAL SYMBOLS: SORTED ALPHABETICALLY BY Name 

address   name                          
-------   ----                          
00002729  C$$EXIT                       
200009b0  InBuf                         
20000a78  LCD_init                      
00002838  LCD_init_sequense             
20000d1c  LCD_state                     
00002719  ResetISR                      
00001bbf  Set_cursor                    
20000c80  __STACK_END                   
00000200  __STACK_SIZE                  
20000c80  __STACK_TOP                   
00002878  __TI_CINIT_Base               
00002888  __TI_CINIT_Limit              
00002858  __TI_Handler_Table_Base       
00002864  __TI_Handler_Table_Limit      
00002601  __TI_auto_init_nobinit_nopinit
00002597  __TI_decompress_lzss          
000026ff  __TI_decompress_none          
ffffffff  __TI_pprof_out_hndl           
ffffffff  __TI_prof_data_size           
ffffffff  __TI_prof_data_start          
00000000  __TI_static_base__            
0000270d  __TI_zero_init                
000025ff  __aeabi_idiv0                 
000025ff  __aeabi_ldiv0                 
0000251d  __aeabi_memclr                
0000251d  __aeabi_memclr4               
0000251d  __aeabi_memclr8               
00002379  __aeabi_memcpy                
00002379  __aeabi_memcpy4               
00002379  __aeabi_memcpy8               
0000251f  __aeabi_memset                
0000251f  __aeabi_memset4               
0000251f  __aeabi_memset8               
00002645  __aeabi_uidiv                 
00002645  __aeabi_uidivmod              
ffffffff  __binit__                     
ffffffff  __c_args__                    
UNDEFED   __mpu_init                    
20000a80  __stack                       
20000000  __start___llvm_prf_cnts       
20000000  __stop___llvm_prf_cnts        
00002685  _c_int00_noargs               
UNDEFED   _system_post_cinit            
00002725  _system_pre_init              
00002729  abort                         
ffffffff  binit                         
00001fb7  check_column                  
00001bab  clr_LCD                       
20000a79  current_task                  
0000026d  delay                         
00002179  display_rtc_task              
00000000  g_pfnVectors                  
00002237  get_file                      
000020a9  get_hour                      
00001fa7  get_keyboard                  
000020af  get_min                       
00001041  get_queue                     
00001179  get_queue_info                
00000aeb  get_queue_name                
000020b5  get_sec                       
000010d5  get_task_info                 
00000a5d  get_task_name                 
00001929  gfprintf                      
00001695  gprint                        
00001953  gprintf                       
0000197d  gsprintf                      
00001bb5  home_LCD                      
20000a7a  hour                          
20000a7b  i                             
00000db3  i_am_alive                    
00002263  init_files                    
00002415  init_gpio                     
0000128d  init_rtcs                     
000024ab  init_systick                  
00001f79  key_catch                     
00001ff9  key_task                      
00001c0b  lcd_task                      
00001dad  lcrh_databits                 
00001df1  lcrh_parity                   
00001dd7  lcrh_stopbits                 
000022dd  main                          
00002379  memcpy                        
00002525  memset                        
20000a7c  min                           
000019e7  move_LCD                      
20000c80  namebuffer                    
00000f37  open_queue                    
00001bcf  out_LCD                       
00001b3f  out_LCD_high                  
00001af5  out_LCD_low                   
20000a30  pof                           
20000000  poq                           
20000830  pos                           
200008f0  pot                           
00000f0f  preset_sem                    
000014f3  putChars                      
0000151d  putDec                        
00001611  putHex                        
000014d3  putStr                        
00002215  put_file                      
00000fb7  put_queue                     
000014a1  putc1                         
00000601  queue_debugger                
20000d0e  queuebuffer                   
00000da9  retrieve_id                   
00001f2d  row                           
000020f7  rtc_task                      
00001305  schedule                      
20000a7d  sec                           
000020bb  set_hour                      
000020cf  set_min                       
000020e3  set_sec                       
00000df5  set_state                     
00000ee9  signal                        
000011e5  start_task                    
000026b9  strcat                        
000026d7  strcpy                        
000026eb  strlen                        
000024a1  systick_handler               
00000289  task_debugger                 
20000d00  taskbuffer                    
20000d18  ticks                         
00001e45  uart0_fifos_disable           
00001e39  uart0_fifos_enable            
00001d13  uart0_get_q                   
00001d2d  uart0_getc                    
00001e51  uart0_init                    
00001cfd  uart0_put_q                   
00001d41  uart0_putc                    
00001d23  uart0_rx_rdy                  
00001d35  uart0_tx_rdy                  
00001d55  uart_rx_task                  
00001d85  uart_tx_task                  
00000b55  ui_key_task                   
0000091d  ui_task                       
00000e13  wait                          
00000e41  wait_sem                      
000019b5  wr_ch_LCD                     
00001b55  wr_ctrl_LCD                   
00001adf  wr_ctrl_LCD_high              
00001a1d  wr_ctrl_LCD_low               
000019c9  wr_str_LCD                    


GLOBAL SYMBOLS: SORTED BY Symbol Address 

address   name                          
-------   ----                          
00000000  __TI_static_base__            
00000000  g_pfnVectors                  
00000200  __STACK_SIZE                  
0000026d  delay                         
00000289  task_debugger                 
00000601  queue_debugger                
0000091d  ui_task                       
00000a5d  get_task_name                 
00000aeb  get_queue_name                
00000b55  ui_key_task                   
00000da9  retrieve_id                   
00000db3  i_am_alive                    
00000df5  set_state                     
00000e13  wait                          
00000e41  wait_sem                      
00000ee9  signal                        
00000f0f  preset_sem                    
00000f37  open_queue                    
00000fb7  put_queue                     
00001041  get_queue                     
000010d5  get_task_info                 
00001179  get_queue_info                
000011e5  start_task                    
0000128d  init_rtcs                     
00001305  schedule                      
000014a1  putc1                         
000014d3  putStr                        
000014f3  putChars                      
0000151d  putDec                        
00001611  putHex                        
00001695  gprint                        
00001929  gfprintf                      
00001953  gprintf                       
0000197d  gsprintf                      
000019b5  wr_ch_LCD                     
000019c9  wr_str_LCD                    
000019e7  move_LCD                      
00001a1d  wr_ctrl_LCD_low               
00001adf  wr_ctrl_LCD_high              
00001af5  out_LCD_low                   
00001b3f  out_LCD_high                  
00001b55  wr_ctrl_LCD                   
00001bab  clr_LCD                       
00001bb5  home_LCD                      
00001bbf  Set_cursor                    
00001bcf  out_LCD                       
00001c0b  lcd_task                      
00001cfd  uart0_put_q                   
00001d13  uart0_get_q                   
00001d23  uart0_rx_rdy                  
00001d2d  uart0_getc                    
00001d35  uart0_tx_rdy                  
00001d41  uart0_putc                    
00001d55  uart_rx_task                  
00001d85  uart_tx_task                  
00001dad  lcrh_databits                 
00001dd7  lcrh_stopbits                 
00001df1  lcrh_parity                   
00001e39  uart0_fifos_enable            
00001e45  uart0_fifos_disable           
00001e51  uart0_init                    
00001f2d  row                           
00001f79  key_catch                     
00001fa7  get_keyboard                  
00001fb7  check_column                  
00001ff9  key_task                      
000020a9  get_hour                      
000020af  get_min                       
000020b5  get_sec                       
000020bb  set_hour                      
000020cf  set_min                       
000020e3  set_sec                       
000020f7  rtc_task                      
00002179  display_rtc_task              
00002215  put_file                      
00002237  get_file                      
00002263  init_files                    
000022dd  main                          
00002379  __aeabi_memcpy                
00002379  __aeabi_memcpy4               
00002379  __aeabi_memcpy8               
00002379  memcpy                        
00002415  init_gpio                     
000024a1  systick_handler               
000024ab  init_systick                  
0000251d  __aeabi_memclr                
0000251d  __aeabi_memclr4               
0000251d  __aeabi_memclr8               
0000251f  __aeabi_memset                
0000251f  __aeabi_memset4               
0000251f  __aeabi_memset8               
00002525  memset                        
00002597  __TI_decompress_lzss          
000025ff  __aeabi_idiv0                 
000025ff  __aeabi_ldiv0                 
00002601  __TI_auto_init_nobinit_nopinit
00002645  __aeabi_uidiv                 
00002645  __aeabi_uidivmod              
00002685  _c_int00_noargs               
000026b9  strcat                        
000026d7  strcpy                        
000026eb  strlen                        
000026ff  __TI_decompress_none          
0000270d  __TI_zero_init                
00002719  ResetISR                      
00002725  _system_pre_init              
00002729  C$$EXIT                       
00002729  abort                         
00002838  LCD_init_sequense             
00002858  __TI_Handler_Table_Base       
00002864  __TI_Handler_Table_Limit      
00002878  __TI_CINIT_Base               
00002888  __TI_CINIT_Limit              
20000000  __start___llvm_prf_cnts       
20000000  __stop___llvm_prf_cnts        
20000000  poq                           
20000830  pos                           
200008f0  pot                           
200009b0  InBuf                         
20000a30  pof                           
20000a78  LCD_init                      
20000a79  current_task                  
20000a7a  hour                          
20000a7b  i                             
20000a7c  min                           
20000a7d  sec                           
20000a80  __stack                       
20000c80  __STACK_END                   
20000c80  __STACK_TOP                   
20000c80  namebuffer                    
20000d00  taskbuffer                    
20000d0e  queuebuffer                   
20000d18  ticks                         
20000d1c  LCD_state                     
ffffffff  __TI_pprof_out_hndl           
ffffffff  __TI_prof_data_size           
ffffffff  __TI_prof_data_start          
ffffffff  __binit__                     
ffffffff  __c_args__                    
ffffffff  binit                         
UNDEFED   __mpu_init                    
UNDEFED   _system_post_cinit            

[142 symbols]
