******************************************************************************
                  TI ARM Linker PC v20.2.7                     
******************************************************************************
>> Linked Tue Mar 25 15:14:40 2025

OUTPUT FILE NAME:   <Ass_6.out>
ENTRY POINT SYMBOL: "_c_int00_noargs"  address: 000020d1


MEMORY CONFIGURATION

         name            origin    length      used     unused   attr    fill
----------------------  --------  ---------  --------  --------  ----  --------
  FLASH                 00000000   00040000  0000217e  0003de82  R  X
  SRAM                  20000000   00008000  00000d23  000072dd  RW X


SEGMENT ALLOCATION MAP

run origin  load origin   length   init length attrs members
----------  ----------- ---------- ----------- ----- -------
00000000    00000000    00002188   00002188    r-x
  00000000    00000000    0000026c   0000026c    r-- .intvecs
  00000270    00000270    00001ecc   00001ecc    r-x .text
  0000213c    0000213c    00000016   00000016    r-- .const
  00002158    00002158    00000030   00000030    r-- .cinit
20000000    20000000    00000d25   00000000    rw-
  20000000    20000000    00000a8e   00000000    rw- .bss
  20000a90    20000a90    00000200   00000000    rw- .stack
  20000c90    20000c90    00000095   00000000    rw- .data


SECTION ALLOCATION MAP

 output                                  attributes/
section   page    origin      length       input sections
--------  ----  ----------  ----------   ----------------
.intvecs   0    00000000    0000026c     
                  00000000    0000026c     tm4c123gh6pm_startup_ccs.obj (.intvecs)

.text      0    00000270    00001ecc     
                  00000270    000006d0     rtcs.obj (.text)
                  00000940    00000588     string.obj (.text)
                  00000ec8    00000454     ui.obj (.text)
                  0000131c    00000004     rtsv7M4_T_le_v4SPD16_eabi.lib : pre_init.c.obj (.text:_system_pre_init)
                  00001320    00000398     lcd.obj (.text)
                  000016b8    0000026c     uart.obj (.text)
                  00001924    00000004     rtsv7M4_T_le_v4SPD16_eabi.lib : exit.c.obj (.text:abort:abort)
                  00001928    00000194     key.obj (.text)
                  00001abc    00000002     rtsv7M4_T_le_v4SPD16_eabi.lib : div0.asm.obj (.text)
                  00001abe    00000002     --HOLE-- [fill = 0]
                  00001ac0    00000188     rtc.obj (.text)
                  00001c48    000000d8     file.obj (.text)
                  00001d20    0000009c     main.obj (.text)
                  00001dbc    0000009c     rtsv7M4_T_le_v4SPD16_eabi.lib : memcpy_t2.asm.obj (.text)
                  00001e58    0000008c     gpio.obj (.text)
                  00001ee4    00000004     --HOLE-- [fill = 0]
                  00001ee8    00000080     systick.obj (.text)
                  00001f68    0000007a     rtsv7M4_T_le_v4SPD16_eabi.lib : memset_t2.asm.obj (.text)
                  00001fe2    00000068                                   : copy_decompress_lzss.c.obj (.text:decompress:lzss:__TI_decompress_lzss)
                  0000204a    00000002     --HOLE-- [fill = 0]
                  0000204c    00000044                                   : autoinit.c.obj (.text:__TI_auto_init_nobinit_nopinit:__TI_auto_init_nobinit_nopinit)
                  00002090    00000040                                   : u_divt2.asm.obj (.text)
                  000020d0    00000034                                   : boot_cortex_m.c.obj (.text:_c_int00_noargs:_c_int00_noargs)
                  00002104    00000004     --HOLE-- [fill = 0]
                  00002108    0000001a     tm4c123gh6pm_startup_ccs.obj (.text)
                  00002122    0000000e     rtsv7M4_T_le_v4SPD16_eabi.lib : copy_decompress_none.c.obj (.text:decompress:none:__TI_decompress_none)
                  00002130    0000000c                                   : copy_zero_init.c.obj (.text:decompress:ZI:__TI_zero_init)

.const     0    0000213c    00000016     
                  0000213c    0000000c     key.obj (.const:$P$T0$1)
                  00002148    0000000a     lcd.obj (.const:.string:LCD_init_sequense)

.cinit     0    00002158    00000030     
                  00002158    0000000c     (__TI_handler_table)
                  00002164    00000009     (.cinit..data.load) [load image, compression = lzss]
                  0000216d    00000003     --HOLE-- [fill = 0]
                  00002170    00000008     (.cinit..bss.load) [load image, compression = zero_init]
                  00002178    00000010     (__TI_cinit_table)

.init_array 
*          0    00000000    00000000     UNINITIALIZED

.bss       0    20000000    00000a8e     UNINITIALIZED
                  20000000    00000840     (.common:poq)
                  20000840    000000c0     (.common:pos)
                  20000900    000000c0     (.common:pot)
                  200009c0    00000080     (.common:InBuf)
                  20000a40    00000040     (.common:pof)
                  20000a80    00000008     ui.obj (.bss:Buf$1)
                  20000a88    00000001     (.common:LCD_init)
                  20000a89    00000001     (.common:current_task)
                  20000a8a    00000001     (.common:hour)
                  20000a8b    00000001     (.common:i)
                  20000a8c    00000001     (.common:min)
                  20000a8d    00000001     (.common:sec)

.data      0    20000c90    00000095     UNINITIALIZED
                  20000c90    00000080     ui.obj (.data:namebuffer)
                  20000d10    0000000e     ui.obj (.data:buffer)
                  20000d1e    00000002     lcd.obj (.data)
                  20000d20    00000004     systick.obj (.data)
                  20000d24    00000001     rtcs.obj (.data)

.stack     0    20000a90    00000200     UNINITIALIZED
                  20000a90    00000004     rtsv7M4_T_le_v4SPD16_eabi.lib : boot_cortex_m.c.obj (.stack)
                  20000a94    000001fc     --HOLE--

__llvm_prf_cnts 
*          0    20000000    00000000     UNINITIALIZED

MODULE SUMMARY

       Module                         code   ro data   rw data
       ------                         ----   -------   -------
    .\
       rtcs.obj                       1744   0         2498   
       string.obj                     1416   0         0      
       ui.obj                         1108   0         279    
       lcd.obj                        920    10        3      
       tm4c123gh6pm_startup_ccs.obj   26     620       0      
       uart.obj                       620    0         0      
       key.obj                        404    12        0      
       rtc.obj                        392    0         3      
       file.obj                       216    0         64     
       main.obj                       156    0         0      
       gpio.obj                       140    0         0      
       systick.obj                    128    0         4      
    +--+------------------------------+------+---------+---------+
       Total:                         7270   642       2851   
                                                              
    C:\ti\ccs1260\ccs\tools\compiler\ti-cgt-arm_20.2.7.LTS\lib\rtsv7M4_T_le_v4SPD16_eabi.lib
       memcpy_t2.asm.obj              156    0         0      
       memset_t2.asm.obj              122    0         0      
       copy_decompress_lzss.c.obj     104    0         0      
       autoinit.c.obj                 68     0         0      
       u_divt2.asm.obj                64     0         0      
       boot_cortex_m.c.obj            52     0         0      
       copy_decompress_none.c.obj     14     0         0      
       copy_zero_init.c.obj           12     0         0      
       exit.c.obj                     4      0         0      
       pre_init.c.obj                 4      0         0      
       div0.asm.obj                   2      0         0      
    +--+------------------------------+------+---------+---------+
       Total:                         602    0         0      
                                                              
       Stack:                         0      0         512    
       Linker Generated:              0      45        0      
    +--+------------------------------+------+---------+---------+
       Grand Total:                   7872   687       3363   


LINKER GENERATED COPY TABLES

__TI_cinit_table @ 00002178 records: 2, size/record: 8, table size: 16
	.data: load addr=00002164, load size=00000009 bytes, run addr=20000c90, run size=00000095 bytes, compression=lzss
	.bss: load addr=00002170, load size=00000008 bytes, run addr=20000000, run size=00000a8e bytes, compression=zero_init


LINKER GENERATED HANDLER TABLE

__TI_handler_table @ 00002158 records: 3, size/record: 4, table size: 12
	index: 0, handler: __TI_decompress_lzss
	index: 1, handler: __TI_decompress_none
	index: 2, handler: __TI_zero_init


GLOBAL SYMBOLS: SORTED ALPHABETICALLY BY Name 

address   name                          
-------   ----                          
00001925  C$$EXIT                       
200009c0  InBuf                         
20000a88  LCD_init                      
00002148  LCD_init_sequense             
20000d1e  LCD_state                     
00002109  ResetISR                      
00001561  Set_cursor                    
20000c90  __STACK_END                   
00000200  __STACK_SIZE                  
20000c90  __STACK_TOP                   
00002178  __TI_CINIT_Base               
00002188  __TI_CINIT_Limit              
00002158  __TI_Handler_Table_Base       
00002164  __TI_Handler_Table_Limit      
0000204d  __TI_auto_init_nobinit_nopinit
00001fe3  __TI_decompress_lzss          
00002123  __TI_decompress_none          
ffffffff  __TI_pprof_out_hndl           
ffffffff  __TI_prof_data_size           
ffffffff  __TI_prof_data_start          
00000000  __TI_static_base__            
00002131  __TI_zero_init                
00001abd  __aeabi_idiv0                 
00001abd  __aeabi_ldiv0                 
00001f69  __aeabi_memclr                
00001f69  __aeabi_memclr4               
00001f69  __aeabi_memclr8               
00001dbd  __aeabi_memcpy                
00001dbd  __aeabi_memcpy4               
00001dbd  __aeabi_memcpy8               
00001f6b  __aeabi_memset                
00001f6b  __aeabi_memset4               
00001f6b  __aeabi_memset8               
00002091  __aeabi_uidiv                 
00002091  __aeabi_uidivmod              
ffffffff  __binit__                     
ffffffff  __c_args__                    
UNDEFED   __mpu_init                    
20000a90  __stack                       
20000000  __start___llvm_prf_cnts       
20000000  __stop___llvm_prf_cnts        
000020d1  _c_int00_noargs               
UNDEFED   _system_post_cinit            
0000131d  _system_pre_init              
00001925  abort                         
ffffffff  binit                         
20000d10  buffer                        
000019b9  check_column                  
00001541  clr_LCD                       
20000a89  current_task                  
00001ba9  display_rtc_task              
00000000  g_pfnVectors                  
00001c71  get_file                      
00001ac1  get_hour                      
000005d1  get_info                      
000019a9  get_keyboard                  
00001ac9  get_min                       
00000531  get_queue                     
00001ad1  get_sec                       
00001009  get_task_name                 
00000e31  gfprintf                      
00000b61  gprint                        
00000e61  gprintf                       
00000e91  gsprintf                      
00001551  home_LCD                      
20000a8a  hour                          
20000a8b  i                             
00000281  i_am_alive                    
00001ca1  init_files                    
00001e59  init_gpio                     
00000711  init_rtcs                     
00001ef9  init_systick                  
00001979  key_catch                     
00001a01  key_task                      
000015b9  lcd_task                      
00001779  lcrh_databits                 
000017c9  lcrh_parity                   
000017a9  lcrh_stopbits                 
00001d21  main                          
00001dbd  memcpy                        
00001f71  memset                        
20000a8c  min                           
00001359  move_LCD                      
20000c90  namebuffer                    
00000419  open_queue                    
00001571  out_LCD                       
000014c9  out_LCD_high                  
00001479  out_LCD_low                   
20000a40  pof                           
20000000  poq                           
20000840  pos                           
20000900  pot                           
000003f1  preset_sem                    
00000999  putChars                      
000009c9  putDec                        
00000ad1  putHex                        
00000979  putStr                        
00001c49  put_file                      
000004a1  put_queue                     
00000941  putc1                         
00000271  retrieve_id                   
00001929  row                           
00001b21  rtc_task                      
00000799  schedule                      
20000a8d  sec                           
00001ad9  set_hour                      
00001af1  set_min                       
00001b09  set_sec                       
000002c9  set_state                     
000003c9  signal                        
00000671  start_task                    
00001ee9  systick_handler               
20000d20  ticks                         
00001839  uart0_fifos_disable           
00001829  uart0_fifos_enable            
000016d1  uart0_get_q                   
000016f1  uart0_getc                    
00001849  uart0_init                    
000016b9  uart0_put_q                   
00001709  uart0_putc                    
000016e1  uart0_rx_rdy                  
000016f9  uart0_tx_rdy                  
00001721  uart_rx_task                  
00001751  uart_tx_task                  
000010b9  ui_key_task                   
00000ec9  ui_task                       
000002e9  wait                          
00000319  wait_sem                      
00001321  wr_ch_LCD                     
000014e1  wr_ctrl_LCD                   
00001461  wr_ctrl_LCD_high              
00001391  wr_ctrl_LCD_low               
00001339  wr_str_LCD                    


GLOBAL SYMBOLS: SORTED BY Symbol Address 

address   name                          
-------   ----                          
00000000  __TI_static_base__            
00000000  g_pfnVectors                  
00000200  __STACK_SIZE                  
00000271  retrieve_id                   
00000281  i_am_alive                    
000002c9  set_state                     
000002e9  wait                          
00000319  wait_sem                      
000003c9  signal                        
000003f1  preset_sem                    
00000419  open_queue                    
000004a1  put_queue                     
00000531  get_queue                     
000005d1  get_info                      
00000671  start_task                    
00000711  init_rtcs                     
00000799  schedule                      
00000941  putc1                         
00000979  putStr                        
00000999  putChars                      
000009c9  putDec                        
00000ad1  putHex                        
00000b61  gprint                        
00000e31  gfprintf                      
00000e61  gprintf                       
00000e91  gsprintf                      
00000ec9  ui_task                       
00001009  get_task_name                 
000010b9  ui_key_task                   
0000131d  _system_pre_init              
00001321  wr_ch_LCD                     
00001339  wr_str_LCD                    
00001359  move_LCD                      
00001391  wr_ctrl_LCD_low               
00001461  wr_ctrl_LCD_high              
00001479  out_LCD_low                   
000014c9  out_LCD_high                  
000014e1  wr_ctrl_LCD                   
00001541  clr_LCD                       
00001551  home_LCD                      
00001561  Set_cursor                    
00001571  out_LCD                       
000015b9  lcd_task                      
000016b9  uart0_put_q                   
000016d1  uart0_get_q                   
000016e1  uart0_rx_rdy                  
000016f1  uart0_getc                    
000016f9  uart0_tx_rdy                  
00001709  uart0_putc                    
00001721  uart_rx_task                  
00001751  uart_tx_task                  
00001779  lcrh_databits                 
000017a9  lcrh_stopbits                 
000017c9  lcrh_parity                   
00001829  uart0_fifos_enable            
00001839  uart0_fifos_disable           
00001849  uart0_init                    
00001925  C$$EXIT                       
00001925  abort                         
00001929  row                           
00001979  key_catch                     
000019a9  get_keyboard                  
000019b9  check_column                  
00001a01  key_task                      
00001abd  __aeabi_idiv0                 
00001abd  __aeabi_ldiv0                 
00001ac1  get_hour                      
00001ac9  get_min                       
00001ad1  get_sec                       
00001ad9  set_hour                      
00001af1  set_min                       
00001b09  set_sec                       
00001b21  rtc_task                      
00001ba9  display_rtc_task              
00001c49  put_file                      
00001c71  get_file                      
00001ca1  init_files                    
00001d21  main                          
00001dbd  __aeabi_memcpy                
00001dbd  __aeabi_memcpy4               
00001dbd  __aeabi_memcpy8               
00001dbd  memcpy                        
00001e59  init_gpio                     
00001ee9  systick_handler               
00001ef9  init_systick                  
00001f69  __aeabi_memclr                
00001f69  __aeabi_memclr4               
00001f69  __aeabi_memclr8               
00001f6b  __aeabi_memset                
00001f6b  __aeabi_memset4               
00001f6b  __aeabi_memset8               
00001f71  memset                        
00001fe3  __TI_decompress_lzss          
0000204d  __TI_auto_init_nobinit_nopinit
00002091  __aeabi_uidiv                 
00002091  __aeabi_uidivmod              
000020d1  _c_int00_noargs               
00002109  ResetISR                      
00002123  __TI_decompress_none          
00002131  __TI_zero_init                
00002148  LCD_init_sequense             
00002158  __TI_Handler_Table_Base       
00002164  __TI_Handler_Table_Limit      
00002178  __TI_CINIT_Base               
00002188  __TI_CINIT_Limit              
20000000  __start___llvm_prf_cnts       
20000000  __stop___llvm_prf_cnts        
20000000  poq                           
20000840  pos                           
20000900  pot                           
200009c0  InBuf                         
20000a40  pof                           
20000a88  LCD_init                      
20000a89  current_task                  
20000a8a  hour                          
20000a8b  i                             
20000a8c  min                           
20000a8d  sec                           
20000a90  __stack                       
20000c90  __STACK_END                   
20000c90  __STACK_TOP                   
20000c90  namebuffer                    
20000d10  buffer                        
20000d1e  LCD_state                     
20000d20  ticks                         
ffffffff  __TI_pprof_out_hndl           
ffffffff  __TI_prof_data_size           
ffffffff  __TI_prof_data_start          
ffffffff  __binit__                     
ffffffff  __c_args__                    
ffffffff  binit                         
UNDEFED   __mpu_init                    
UNDEFED   _system_post_cinit            

[133 symbols]
