******************************************************************************
                  TI ARM Linker PC v20.2.7                     
******************************************************************************
>> Linked Sun Feb 23 12:59:15 2025

OUTPUT FILE NAME:   <Assigment2.out>
ENTRY POINT SYMBOL: "_c_int00_noargs"  address: 0000068d


MEMORY CONFIGURATION

         name            origin    length      used     unused   attr    fill
----------------------  --------  ---------  --------  --------  ----  --------
  FLASH                 00000000   00040000  0000072e  0003f8d2  R  X
  SRAM                  20000000   00008000  00000210  00007df0  RW X


SEGMENT ALLOCATION MAP

run origin  load origin   length   init length attrs members
----------  ----------- ---------- ----------- ----- -------
00000000    00000000    00000730   00000730    r-x
  00000000    00000000    0000026c   0000026c    r-- .intvecs
  0000026c    0000026c    00000492   00000492    r-x .text
  00000700    00000700    00000030   00000030    r-- .cinit
20000000    20000000    00000210   00000000    rw-
  20000000    20000000    00000200   00000000    rw- .stack
  20000200    20000200    0000000c   00000000    rw- .data
  2000020c    2000020c    00000004   00000000    rw- .bss


SECTION ALLOCATION MAP

 output                                  attributes/
section   page    origin      length       input sections
--------  ----  ----------  ----------   ----------------
.intvecs   0    00000000    0000026c     
                  00000000    0000026c     tm4c123gh6pm_startup_ccs.obj (.intvecs)

.text      0    0000026c    00000492     
                  0000026c    0000025c     main.obj (.text)
                  000004c8    0000009c     rtsv7M4_T_le_v4SPD16_eabi.lib : memcpy_t2.asm.obj (.text)
                  00000564    0000007c     systick.obj (.text)
                  000005e0    00000068     rtsv7M4_T_le_v4SPD16_eabi.lib : copy_decompress_lzss.c.obj (.text:decompress:lzss:__TI_decompress_lzss)
                  00000648    00000044                                   : autoinit.c.obj (.text:__TI_auto_init_nobinit_nopinit:__TI_auto_init_nobinit_nopinit)
                  0000068c    00000034                                   : boot_cortex_m.c.obj (.text:_c_int00_noargs:_c_int00_noargs)
                  000006c0    0000001c                                   : copy_zero_init.c.obj (.text:decompress:ZI:__TI_zero_init_nomemset:__TI_zero_init_nomemset)
                  000006dc    0000000e                                   : copy_decompress_none.c.obj (.text:decompress:none:__TI_decompress_none)
                  000006ea    0000000c     tm4c123gh6pm_startup_ccs.obj (.text)
                  000006f6    00000004     rtsv7M4_T_le_v4SPD16_eabi.lib : pre_init.c.obj (.text:_system_pre_init)
                  000006fa    00000004                                   : exit.c.obj (.text:abort:abort)

.cinit     0    00000700    00000030     
                  00000700    0000000c     (__TI_handler_table)
                  0000070c    0000000b     (.cinit..data.load) [load image, compression = lzss]
                  00000717    00000001     --HOLE-- [fill = 0]
                  00000718    00000008     (.cinit..bss.load) [load image, compression = zero_init]
                  00000720    00000010     (__TI_cinit_table)

.init_array 
*          0    00000000    00000000     UNINITIALIZED

.data      0    20000200    0000000c     UNINITIALIZED
                  20000200    00000008     main.obj (.data)
                  20000208    00000004     systick.obj (.data)

.bss       0    2000020c    00000004     UNINITIALIZED
                  2000020c    00000004     main.obj (.bss)

.stack     0    20000000    00000200     UNINITIALIZED
                  20000000    00000004     rtsv7M4_T_le_v4SPD16_eabi.lib : boot_cortex_m.c.obj (.stack)
                  20000004    000001fc     --HOLE--

__llvm_prf_cnts 
*          0    20000000    00000000     UNINITIALIZED

MODULE SUMMARY

       Module                         code   ro data   rw data
       ------                         ----   -------   -------
    .\
       tm4c123gh6pm_startup_ccs.obj   12     620       0      
       main.obj                       604    0         12     
       systick.obj                    124    0         4      
    +--+------------------------------+------+---------+---------+
       Total:                         740    620       16     
                                                              
    C:\ti\ccs1260\ccs\tools\compiler\ti-cgt-arm_20.2.7.LTS\lib\rtsv7M4_T_le_v4SPD16_eabi.lib
       memcpy_t2.asm.obj              156    0         0      
       copy_decompress_lzss.c.obj     104    0         0      
       autoinit.c.obj                 68     0         0      
       boot_cortex_m.c.obj            52     0         0      
       copy_zero_init.c.obj           28     0         0      
       copy_decompress_none.c.obj     14     0         0      
       exit.c.obj                     4      0         0      
       pre_init.c.obj                 4      0         0      
    +--+------------------------------+------+---------+---------+
       Total:                         430    0         0      
                                                              
       Stack:                         0      0         512    
       Linker Generated:              0      47        0      
    +--+------------------------------+------+---------+---------+
       Grand Total:                   1170   667       528    


LINKER GENERATED COPY TABLES

__TI_cinit_table @ 00000720 records: 2, size/record: 8, table size: 16
	.data: load addr=0000070c, load size=0000000b bytes, run addr=20000200, run size=0000000c bytes, compression=lzss
	.bss: load addr=00000718, load size=00000008 bytes, run addr=2000020c, run size=00000004 bytes, compression=zero_init


LINKER GENERATED HANDLER TABLE

__TI_handler_table @ 00000700 records: 3, size/record: 4, table size: 12
	index: 0, handler: __TI_decompress_lzss
	index: 1, handler: __TI_decompress_none
	index: 2, handler: __TI_zero_init


GLOBAL SYMBOLS: SORTED ALPHABETICALLY BY Name 

address   name                          
-------   ----                          
000006fb  C$$EXIT                       
20000201  LightController               
000006eb  ResetISR                      
00000565  SysTick_Handler               
20000200  __STACK_END                   
00000200  __STACK_SIZE                  
20000200  __STACK_TOP                   
00000720  __TI_CINIT_Base               
00000730  __TI_CINIT_Limit              
00000700  __TI_Handler_Table_Base       
0000070c  __TI_Handler_Table_Limit      
00000649  __TI_auto_init_nobinit_nopinit
000005e1  __TI_decompress_lzss          
000006dd  __TI_decompress_none          
ffffffff  __TI_pprof_out_hndl           
ffffffff  __TI_prof_data_size           
ffffffff  __TI_prof_data_start          
00000000  __TI_static_base__            
000006c1  __TI_zero_init_nomemset       
000004c9  __aeabi_memcpy                
000004c9  __aeabi_memcpy4               
000004c9  __aeabi_memcpy8               
ffffffff  __binit__                     
ffffffff  __c_args__                    
UNDEFED   __mpu_init                    
20000000  __stack                       
20000000  __start___llvm_prf_cnts       
20000000  __stop___llvm_prf_cnts        
0000068d  _c_int00_noargs               
UNDEFED   _system_post_cinit            
000006f7  _system_pre_init              
000006fb  abort                         
ffffffff  binit                         
0000039f  button_pushed                 
00000000  g_pfnVectors                  
0000056f  init_systick                  
0000026d  main                          
000004c9  memcpy                        
000003b3  select_button                 
000002e1  switchLightState              
20000208  ticks                         
20000200  traffic_Light                 


GLOBAL SYMBOLS: SORTED BY Symbol Address 

address   name                          
-------   ----                          
00000000  __TI_static_base__            
00000000  g_pfnVectors                  
00000200  __STACK_SIZE                  
0000026d  main                          
000002e1  switchLightState              
0000039f  button_pushed                 
000003b3  select_button                 
000004c9  __aeabi_memcpy                
000004c9  __aeabi_memcpy4               
000004c9  __aeabi_memcpy8               
000004c9  memcpy                        
00000565  SysTick_Handler               
0000056f  init_systick                  
000005e1  __TI_decompress_lzss          
00000649  __TI_auto_init_nobinit_nopinit
0000068d  _c_int00_noargs               
000006c1  __TI_zero_init_nomemset       
000006dd  __TI_decompress_none          
000006eb  ResetISR                      
000006f7  _system_pre_init              
000006fb  C$$EXIT                       
000006fb  abort                         
00000700  __TI_Handler_Table_Base       
0000070c  __TI_Handler_Table_Limit      
00000720  __TI_CINIT_Base               
00000730  __TI_CINIT_Limit              
20000000  __stack                       
20000000  __start___llvm_prf_cnts       
20000000  __stop___llvm_prf_cnts        
20000200  __STACK_END                   
20000200  __STACK_TOP                   
20000200  traffic_Light                 
20000201  LightController               
20000208  ticks                         
ffffffff  __TI_pprof_out_hndl           
ffffffff  __TI_prof_data_size           
ffffffff  __TI_prof_data_start          
ffffffff  __binit__                     
ffffffff  __c_args__                    
ffffffff  binit                         
UNDEFED   __mpu_init                    
UNDEFED   _system_post_cinit            

[42 symbols]
