******************************************************************************
                  TI ARM Linker PC v20.2.7                     
******************************************************************************
>> Linked Sun Feb 23 12:50:31 2025

OUTPUT FILE NAME:   <Assigment2.out>
ENTRY POINT SYMBOL: "_c_int00_noargs"  address: 00000681


MEMORY CONFIGURATION

         name            origin    length      used     unused   attr    fill
----------------------  --------  ---------  --------  --------  ----  --------
  FLASH                 00000000   00040000  00000722  0003f8de  R  X
  SRAM                  20000000   00008000  00000210  00007df0  RW X


SEGMENT ALLOCATION MAP

run origin  load origin   length   init length attrs members
----------  ----------- ---------- ----------- ----- -------
00000000    00000000    00000728   00000728    r-x
  00000000    00000000    0000026c   0000026c    r-- .intvecs
  0000026c    0000026c    00000486   00000486    r-x .text
  000006f8    000006f8    00000030   00000030    r-- .cinit
20000000    20000000    00000210   00000000    rw-
  20000000    20000000    00000200   00000000    rw- .stack
  20000200    20000200    0000000c   00000000    rw- .data
  2000020c    2000020c    00000004   00000000    rw- .bss


SECTION ALLOCATION MAP

 output                                  attributes/
section   page    origin      length       input sections
--------  ----  ----------  ----------   ----------------
.intvecs   0    00000000    0000026c     
                  00000000    0000026c     tm4c123gh6pm_startup_ccs.obj (.intvecs)

.text      0    0000026c    00000486     
                  0000026c    00000250     main.obj (.text)
                  000004bc    0000009c     rtsv7M4_T_le_v4SPD16_eabi.lib : memcpy_t2.asm.obj (.text)
                  00000558    0000007c     systick.obj (.text)
                  000005d4    00000068     rtsv7M4_T_le_v4SPD16_eabi.lib : copy_decompress_lzss.c.obj (.text:decompress:lzss:__TI_decompress_lzss)
                  0000063c    00000044                                   : autoinit.c.obj (.text:__TI_auto_init_nobinit_nopinit:__TI_auto_init_nobinit_nopinit)
                  00000680    00000034                                   : boot_cortex_m.c.obj (.text:_c_int00_noargs:_c_int00_noargs)
                  000006b4    0000001c                                   : copy_zero_init.c.obj (.text:decompress:ZI:__TI_zero_init_nomemset:__TI_zero_init_nomemset)
                  000006d0    0000000e                                   : copy_decompress_none.c.obj (.text:decompress:none:__TI_decompress_none)
                  000006de    0000000c     tm4c123gh6pm_startup_ccs.obj (.text)
                  000006ea    00000004     rtsv7M4_T_le_v4SPD16_eabi.lib : pre_init.c.obj (.text:_system_pre_init)
                  000006ee    00000004                                   : exit.c.obj (.text:abort:abort)

.cinit     0    000006f8    00000030     
                  000006f8    0000000c     (__TI_handler_table)
                  00000704    0000000b     (.cinit..data.load) [load image, compression = lzss]
                  0000070f    00000001     --HOLE-- [fill = 0]
                  00000710    00000008     (.cinit..bss.load) [load image, compression = zero_init]
                  00000718    00000010     (__TI_cinit_table)

.init_array 
*          0    00000000    00000000     UNINITIALIZED

.data      0    20000200    0000000c     UNINITIALIZED
                  20000200    00000008     main.obj (.data)
                  20000208    00000004     systick.obj (.data)

.bss       0    2000020c    00000004     UNINITIALIZED
                  2000020c    00000004     main.obj (.bss)

.stack     0    20000000    00000200     UNINITIALIZED
                  20000000    00000004     rtsv7M4_T_le_v4SPD16_eabi.lib : boot_cortex_m.c.obj (.stack)
                  20000004    000001fc     --HOLE--

__llvm_prf_cnts 
*          0    20000000    00000000     UNINITIALIZED

MODULE SUMMARY

       Module                         code   ro data   rw data
       ------                         ----   -------   -------
    .\
       tm4c123gh6pm_startup_ccs.obj   12     620       0      
       main.obj                       592    0         12     
       systick.obj                    124    0         4      
    +--+------------------------------+------+---------+---------+
       Total:                         728    620       16     
                                                              
    C:\ti\ccs1260\ccs\tools\compiler\ti-cgt-arm_20.2.7.LTS\lib\rtsv7M4_T_le_v4SPD16_eabi.lib
       memcpy_t2.asm.obj              156    0         0      
       copy_decompress_lzss.c.obj     104    0         0      
       autoinit.c.obj                 68     0         0      
       boot_cortex_m.c.obj            52     0         0      
       copy_zero_init.c.obj           28     0         0      
       copy_decompress_none.c.obj     14     0         0      
       exit.c.obj                     4      0         0      
       pre_init.c.obj                 4      0         0      
    +--+------------------------------+------+---------+---------+
       Total:                         430    0         0      
                                                              
       Stack:                         0      0         512    
       Linker Generated:              0      47        0      
    +--+------------------------------+------+---------+---------+
       Grand Total:                   1158   667       528    


LINKER GENERATED COPY TABLES

__TI_cinit_table @ 00000718 records: 2, size/record: 8, table size: 16
	.data: load addr=00000704, load size=0000000b bytes, run addr=20000200, run size=0000000c bytes, compression=lzss
	.bss: load addr=00000710, load size=00000008 bytes, run addr=2000020c, run size=00000004 bytes, compression=zero_init


LINKER GENERATED HANDLER TABLE

__TI_handler_table @ 000006f8 records: 3, size/record: 4, table size: 12
	index: 0, handler: __TI_decompress_lzss
	index: 1, handler: __TI_decompress_none
	index: 2, handler: __TI_zero_init


GLOBAL SYMBOLS: SORTED ALPHABETICALLY BY Name 

address   name                          
-------   ----                          
000006ef  C$$EXIT                       
20000201  LightController               
000006df  ResetISR                      
00000559  SysTick_Handler               
20000200  __STACK_END                   
00000200  __STACK_SIZE                  
20000200  __STACK_TOP                   
00000718  __TI_CINIT_Base               
00000728  __TI_CINIT_Limit              
000006f8  __TI_Handler_Table_Base       
00000704  __TI_Handler_Table_Limit      
0000063d  __TI_auto_init_nobinit_nopinit
000005d5  __TI_decompress_lzss          
000006d1  __TI_decompress_none          
ffffffff  __TI_pprof_out_hndl           
ffffffff  __TI_prof_data_size           
ffffffff  __TI_prof_data_start          
00000000  __TI_static_base__            
000006b5  __TI_zero_init_nomemset       
000004bd  __aeabi_memcpy                
000004bd  __aeabi_memcpy4               
000004bd  __aeabi_memcpy8               
ffffffff  __binit__                     
ffffffff  __c_args__                    
UNDEFED   __mpu_init                    
20000000  __stack                       
20000000  __start___llvm_prf_cnts       
20000000  __stop___llvm_prf_cnts        
00000681  _c_int00_noargs               
UNDEFED   _system_post_cinit            
000006eb  _system_pre_init              
000006ef  abort                         
ffffffff  binit                         
00000395  button_pushed                 
00000000  g_pfnVectors                  
00000563  init_systick                  
0000026d  main                          
000004bd  memcpy                        
000003a9  select_button                 
000002e1  switchLightState              
20000208  ticks                         
20000200  traffic_Light                 


GLOBAL SYMBOLS: SORTED BY Symbol Address 

address   name                          
-------   ----                          
00000000  __TI_static_base__            
00000000  g_pfnVectors                  
00000200  __STACK_SIZE                  
0000026d  main                          
000002e1  switchLightState              
00000395  button_pushed                 
000003a9  select_button                 
000004bd  __aeabi_memcpy                
000004bd  __aeabi_memcpy4               
000004bd  __aeabi_memcpy8               
000004bd  memcpy                        
00000559  SysTick_Handler               
00000563  init_systick                  
000005d5  __TI_decompress_lzss          
0000063d  __TI_auto_init_nobinit_nopinit
00000681  _c_int00_noargs               
000006b5  __TI_zero_init_nomemset       
000006d1  __TI_decompress_none          
000006df  ResetISR                      
000006eb  _system_pre_init              
000006ef  C$$EXIT                       
000006ef  abort                         
000006f8  __TI_Handler_Table_Base       
00000704  __TI_Handler_Table_Limit      
00000718  __TI_CINIT_Base               
00000728  __TI_CINIT_Limit              
20000000  __stack                       
20000000  __start___llvm_prf_cnts       
20000000  __stop___llvm_prf_cnts        
20000200  __STACK_END                   
20000200  __STACK_TOP                   
20000200  traffic_Light                 
20000201  LightController               
20000208  ticks                         
ffffffff  __TI_pprof_out_hndl           
ffffffff  __TI_prof_data_size           
ffffffff  __TI_prof_data_start          
ffffffff  __binit__                     
ffffffff  __c_args__                    
ffffffff  binit                         
UNDEFED   __mpu_init                    
UNDEFED   _system_post_cinit            

[42 symbols]
