******************************************************************************
                  TI ARM Linker PC v20.2.7                     
******************************************************************************
>> Linked Sun Feb 23 11:29:29 2025

OUTPUT FILE NAME:   <Assigment2.out>
ENTRY POINT SYMBOL: "_c_int00_noargs"  address: 0000054d


MEMORY CONFIGURATION

         name            origin    length      used     unused   attr    fill
----------------------  --------  ---------  --------  --------  ----  --------
  FLASH                 00000000   00040000  000005ba  0003fa46  R  X
  SRAM                  20000000   00008000  00000205  00007dfb  RW X


SEGMENT ALLOCATION MAP

run origin  load origin   length   init length attrs members
----------  ----------- ---------- ----------- ----- -------
00000000    00000000    000005c0   000005c0    r-x
  00000000    00000000    0000026c   0000026c    r-- .intvecs
  0000026c    0000026c    00000336   00000336    r-x .text
  000005a8    000005a8    00000018   00000018    r-- .cinit
20000000    20000000    00000205   00000000    rw-
  20000000    20000000    00000200   00000000    rw- .stack
  20000200    20000200    00000005   00000000    rw- .data


SECTION ALLOCATION MAP

 output                                  attributes/
section   page    origin      length       input sections
--------  ----  ----------  ----------   ----------------
.intvecs   0    00000000    0000026c     
                  00000000    0000026c     tm4c123gh6pm_startup_ccs.obj (.intvecs)

.text      0    0000026c    00000336     
                  0000026c    0000011c     main.obj (.text)
                  00000388    0000009c     rtsv7M4_T_le_v4SPD16_eabi.lib : memcpy_t2.asm.obj (.text)
                  00000424    0000007c     systick.obj (.text)
                  000004a0    00000068     rtsv7M4_T_le_v4SPD16_eabi.lib : copy_decompress_lzss.c.obj (.text:decompress:lzss:__TI_decompress_lzss)
                  00000508    00000044                                   : autoinit.c.obj (.text:__TI_auto_init_nobinit_nopinit:__TI_auto_init_nobinit_nopinit)
                  0000054c    00000034                                   : boot_cortex_m.c.obj (.text:_c_int00_noargs:_c_int00_noargs)
                  00000580    0000000e                                   : copy_decompress_none.c.obj (.text:decompress:none:__TI_decompress_none)
                  0000058e    0000000c     tm4c123gh6pm_startup_ccs.obj (.text)
                  0000059a    00000004     rtsv7M4_T_le_v4SPD16_eabi.lib : pre_init.c.obj (.text:_system_pre_init)
                  0000059e    00000004                                   : exit.c.obj (.text:abort:abort)

.cinit     0    000005a8    00000018     
                  000005a8    00000008     (__TI_handler_table)
                  000005b0    00000007     (.cinit..data.load) [load image, compression = lzss]
                  000005b7    00000001     --HOLE-- [fill = 0]
                  000005b8    00000008     (__TI_cinit_table)

.init_array 
*          0    00000000    00000000     UNINITIALIZED

.data      0    20000200    00000005     UNINITIALIZED
                  20000200    00000004     systick.obj (.data)
                  20000204    00000001     main.obj (.data)

.stack     0    20000000    00000200     UNINITIALIZED
                  20000000    00000004     rtsv7M4_T_le_v4SPD16_eabi.lib : boot_cortex_m.c.obj (.stack)
                  20000004    000001fc     --HOLE--

__llvm_prf_cnts 
*          0    20000000    00000000     UNINITIALIZED

MODULE SUMMARY

       Module                         code   ro data   rw data
       ------                         ----   -------   -------
    .\
       tm4c123gh6pm_startup_ccs.obj   12     620       0      
       main.obj                       284    0         1      
       systick.obj                    124    0         4      
    +--+------------------------------+------+---------+---------+
       Total:                         420    620       5      
                                                              
    C:\ti\ccs1260\ccs\tools\compiler\ti-cgt-arm_20.2.7.LTS\lib\rtsv7M4_T_le_v4SPD16_eabi.lib
       memcpy_t2.asm.obj              156    0         0      
       copy_decompress_lzss.c.obj     104    0         0      
       autoinit.c.obj                 68     0         0      
       boot_cortex_m.c.obj            52     0         0      
       copy_decompress_none.c.obj     14     0         0      
       exit.c.obj                     4      0         0      
       pre_init.c.obj                 4      0         0      
    +--+------------------------------+------+---------+---------+
       Total:                         402    0         0      
                                                              
       Stack:                         0      0         512    
       Linker Generated:              0      23        0      
    +--+------------------------------+------+---------+---------+
       Grand Total:                   822    643       517    


LINKER GENERATED COPY TABLES

__TI_cinit_table @ 000005b8 records: 1, size/record: 8, table size: 8
	.data: load addr=000005b0, load size=00000007 bytes, run addr=20000200, run size=00000005 bytes, compression=lzss


LINKER GENERATED HANDLER TABLE

__TI_handler_table @ 000005a8 records: 2, size/record: 4, table size: 8
	index: 0, handler: __TI_decompress_lzss
	index: 1, handler: __TI_decompress_none


GLOBAL SYMBOLS: SORTED ALPHABETICALLY BY Name 

address   name                          
-------   ----                          
0000059f  C$$EXIT                       
0000058f  ResetISR                      
00000425  SysTick_Handler               
20000200  __STACK_END                   
00000200  __STACK_SIZE                  
20000200  __STACK_TOP                   
000005b8  __TI_CINIT_Base               
000005c0  __TI_CINIT_Limit              
000005a8  __TI_Handler_Table_Base       
000005b0  __TI_Handler_Table_Limit      
00000509  __TI_auto_init_nobinit_nopinit
000004a1  __TI_decompress_lzss          
00000581  __TI_decompress_none          
ffffffff  __TI_pprof_out_hndl           
ffffffff  __TI_prof_data_size           
ffffffff  __TI_prof_data_start          
00000000  __TI_static_base__            
00000389  __aeabi_memcpy                
00000389  __aeabi_memcpy4               
00000389  __aeabi_memcpy8               
ffffffff  __binit__                     
ffffffff  __c_args__                    
UNDEFED   __mpu_init                    
20000000  __stack                       
20000000  __start___llvm_prf_cnts       
20000000  __stop___llvm_prf_cnts        
0000054d  _c_int00_noargs               
UNDEFED   _system_post_cinit            
0000059b  _system_pre_init              
0000059f  abort                         
ffffffff  binit                         
00000000  g_pfnVectors                  
0000042f  init_systick                  
0000026d  main                          
00000389  memcpy                        
20000204  normalModeState               
000002df  switchLightState              
20000200  ticks                         


GLOBAL SYMBOLS: SORTED BY Symbol Address 

address   name                          
-------   ----                          
00000000  __TI_static_base__            
00000000  g_pfnVectors                  
00000200  __STACK_SIZE                  
0000026d  main                          
000002df  switchLightState              
00000389  __aeabi_memcpy                
00000389  __aeabi_memcpy4               
00000389  __aeabi_memcpy8               
00000389  memcpy                        
00000425  SysTick_Handler               
0000042f  init_systick                  
000004a1  __TI_decompress_lzss          
00000509  __TI_auto_init_nobinit_nopinit
0000054d  _c_int00_noargs               
00000581  __TI_decompress_none          
0000058f  ResetISR                      
0000059b  _system_pre_init              
0000059f  C$$EXIT                       
0000059f  abort                         
000005a8  __TI_Handler_Table_Base       
000005b0  __TI_Handler_Table_Limit      
000005b8  __TI_CINIT_Base               
000005c0  __TI_CINIT_Limit              
20000000  __stack                       
20000000  __start___llvm_prf_cnts       
20000000  __stop___llvm_prf_cnts        
20000200  __STACK_END                   
20000200  __STACK_TOP                   
20000200  ticks                         
20000204  normalModeState               
ffffffff  __TI_pprof_out_hndl           
ffffffff  __TI_prof_data_size           
ffffffff  __TI_prof_data_start          
ffffffff  __binit__                     
ffffffff  __c_args__                    
ffffffff  binit                         
UNDEFED   __mpu_init                    
UNDEFED   _system_post_cinit            

[38 symbols]
