******************************************************************************
                  TI ARM Linker PC v20.2.7                     
******************************************************************************
>> Linked Mon Mar  3 12:00:27 2025

OUTPUT FILE NAME:   <ass_3.out>
ENTRY POINT SYMBOL: "_c_int00_noargs"  address: 0000067d


MEMORY CONFIGURATION

         name            origin    length      used     unused   attr    fill
----------------------  --------  ---------  --------  --------  ----  --------
  FLASH                 00000000   00040000  000006ea  0003f916  R  X
  SRAM                  20000000   00008000  00000204  00007dfc  RW X


SEGMENT ALLOCATION MAP

run origin  load origin   length   init length attrs members
----------  ----------- ---------- ----------- ----- -------
00000000    00000000    000006f0   000006f0    r-x
  00000000    00000000    0000026c   0000026c    r-- .intvecs
  0000026c    0000026c    00000466   00000466    r-x .text
  000006d8    000006d8    00000018   00000018    r-- .cinit
20000000    20000000    00000204   00000000    rw-
  20000000    20000000    00000200   00000000    rw- .stack
  20000200    20000200    00000004   00000000    rw- .data


SECTION ALLOCATION MAP

 output                                  attributes/
section   page    origin      length       input sections
--------  ----  ----------  ----------   ----------------
.intvecs   0    00000000    0000026c     
                  00000000    0000026c     tm4c123gh6pm_startup_ccs.obj (.intvecs)

.text      0    0000026c    00000466     
                  0000026c    0000024c     main.obj (.text)
                  000004b8    0000009c     rtsv7M4_T_le_v4SPD16_eabi.lib : memcpy_t2.asm.obj (.text)
                  00000554    0000007c     systick.obj (.text)
                  000005d0    00000068     rtsv7M4_T_le_v4SPD16_eabi.lib : copy_decompress_lzss.c.obj (.text:decompress:lzss:__TI_decompress_lzss)
                  00000638    00000044                                   : autoinit.c.obj (.text:__TI_auto_init_nobinit_nopinit:__TI_auto_init_nobinit_nopinit)
                  0000067c    00000034                                   : boot_cortex_m.c.obj (.text:_c_int00_noargs:_c_int00_noargs)
                  000006b0    0000000e                                   : copy_decompress_none.c.obj (.text:decompress:none:__TI_decompress_none)
                  000006be    0000000c     tm4c123gh6pm_startup_ccs.obj (.text)
                  000006ca    00000004     rtsv7M4_T_le_v4SPD16_eabi.lib : pre_init.c.obj (.text:_system_pre_init)
                  000006ce    00000004                                   : exit.c.obj (.text:abort:abort)

.cinit     0    000006d8    00000018     
                  000006d8    00000008     (__TI_handler_table)
                  000006e0    00000007     (.cinit..data.load) [load image, compression = lzss]
                  000006e7    00000001     --HOLE-- [fill = 0]
                  000006e8    00000008     (__TI_cinit_table)

.init_array 
*          0    00000000    00000000     UNINITIALIZED

.data      0    20000200    00000004     UNINITIALIZED
                  20000200    00000004     systick.obj (.data)

.stack     0    20000000    00000200     UNINITIALIZED
                  20000000    00000004     rtsv7M4_T_le_v4SPD16_eabi.lib : boot_cortex_m.c.obj (.stack)
                  20000004    000001fc     --HOLE--

__llvm_prf_cnts 
*          0    20000000    00000000     UNINITIALIZED

MODULE SUMMARY

       Module                         code   ro data   rw data
       ------                         ----   -------   -------
    .\
       tm4c123gh6pm_startup_ccs.obj   12     620       0      
       main.obj                       588    0         0      
       systick.obj                    124    0         4      
    +--+------------------------------+------+---------+---------+
       Total:                         724    620       4      
                                                              
    C:\ti\ccs1260\ccs\tools\compiler\ti-cgt-arm_20.2.7.LTS\lib\rtsv7M4_T_le_v4SPD16_eabi.lib
       memcpy_t2.asm.obj              156    0         0      
       copy_decompress_lzss.c.obj     104    0         0      
       autoinit.c.obj                 68     0         0      
       boot_cortex_m.c.obj            52     0         0      
       copy_decompress_none.c.obj     14     0         0      
       exit.c.obj                     4      0         0      
       pre_init.c.obj                 4      0         0      
    +--+------------------------------+------+---------+---------+
       Total:                         402    0         0      
                                                              
       Stack:                         0      0         512    
       Linker Generated:              0      23        0      
    +--+------------------------------+------+---------+---------+
       Grand Total:                   1126   643       516    


LINKER GENERATED COPY TABLES

__TI_cinit_table @ 000006e8 records: 1, size/record: 8, table size: 8
	.data: load addr=000006e0, load size=00000007 bytes, run addr=20000200, run size=00000004 bytes, compression=lzss


LINKER GENERATED HANDLER TABLE

__TI_handler_table @ 000006d8 records: 2, size/record: 4, table size: 8
	index: 0, handler: __TI_decompress_lzss
	index: 1, handler: __TI_decompress_none


GLOBAL SYMBOLS: SORTED ALPHABETICALLY BY Name 

address   name                          
-------   ----                          
000006cf  C$$EXIT                       
0000029b  GPIO_init                     
000002ef  Printdata                     
000006bf  ResetISR                      
00000555  SysTick_Handler               
20000200  __STACK_END                   
00000200  __STACK_SIZE                  
20000200  __STACK_TOP                   
000006e8  __TI_CINIT_Base               
000006f0  __TI_CINIT_Limit              
000006d8  __TI_Handler_Table_Base       
000006e0  __TI_Handler_Table_Limit      
00000639  __TI_auto_init_nobinit_nopinit
000005d1  __TI_decompress_lzss          
000006b1  __TI_decompress_none          
ffffffff  __TI_pprof_out_hndl           
ffffffff  __TI_prof_data_size           
ffffffff  __TI_prof_data_start          
00000000  __TI_static_base__            
000004b9  __aeabi_memcpy                
000004b9  __aeabi_memcpy4               
000004b9  __aeabi_memcpy8               
ffffffff  __binit__                     
ffffffff  __c_args__                    
UNDEFED   __mpu_init                    
20000000  __stack                       
20000000  __start___llvm_prf_cnts       
20000000  __stop___llvm_prf_cnts        
0000067d  _c_int00_noargs               
UNDEFED   _system_post_cinit            
000006cb  _system_pre_init              
000006cf  abort                         
ffffffff  binit                         
0000045f  delay                         
00000000  g_pfnVectors                  
0000055f  init_systick                  
00000373  lcd_cmd                       
0000040b  lcd_data                      
000002d3  lcd_init                      
000003db  lcd_string                    
0000026d  main                          
000004b9  memcpy                        
20000200  ticks                         


GLOBAL SYMBOLS: SORTED BY Symbol Address 

address   name                          
-------   ----                          
00000000  __TI_static_base__            
00000000  g_pfnVectors                  
00000200  __STACK_SIZE                  
0000026d  main                          
0000029b  GPIO_init                     
000002d3  lcd_init                      
000002ef  Printdata                     
00000373  lcd_cmd                       
000003db  lcd_string                    
0000040b  lcd_data                      
0000045f  delay                         
000004b9  __aeabi_memcpy                
000004b9  __aeabi_memcpy4               
000004b9  __aeabi_memcpy8               
000004b9  memcpy                        
00000555  SysTick_Handler               
0000055f  init_systick                  
000005d1  __TI_decompress_lzss          
00000639  __TI_auto_init_nobinit_nopinit
0000067d  _c_int00_noargs               
000006b1  __TI_decompress_none          
000006bf  ResetISR                      
000006cb  _system_pre_init              
000006cf  C$$EXIT                       
000006cf  abort                         
000006d8  __TI_Handler_Table_Base       
000006e0  __TI_Handler_Table_Limit      
000006e8  __TI_CINIT_Base               
000006f0  __TI_CINIT_Limit              
20000000  __stack                       
20000000  __start___llvm_prf_cnts       
20000000  __stop___llvm_prf_cnts        
20000200  __STACK_END                   
20000200  __STACK_TOP                   
20000200  ticks                         
ffffffff  __TI_pprof_out_hndl           
ffffffff  __TI_prof_data_size           
ffffffff  __TI_prof_data_start          
ffffffff  __binit__                     
ffffffff  __c_args__                    
ffffffff  binit                         
UNDEFED   __mpu_init                    
UNDEFED   _system_post_cinit            

[43 symbols]
