******************************************************************************
                  TI ARM Linker PC v20.2.7                     
******************************************************************************
>> Linked Mon Mar  3 12:36:22 2025

OUTPUT FILE NAME:   <ass_3.out>
ENTRY POINT SYMBOL: "_c_int00_noargs"  address: 00000671


MEMORY CONFIGURATION

         name            origin    length      used     unused   attr    fill
----------------------  --------  ---------  --------  --------  ----  --------
  FLASH                 00000000   00040000  000006de  0003f922  R  X
  SRAM                  20000000   00008000  00000204  00007dfc  RW X


SEGMENT ALLOCATION MAP

run origin  load origin   length   init length attrs members
----------  ----------- ---------- ----------- ----- -------
00000000    00000000    000006e0   000006e0    r-x
  00000000    00000000    0000026c   0000026c    r-- .intvecs
  0000026c    0000026c    0000045a   0000045a    r-x .text
  000006c8    000006c8    00000018   00000018    r-- .cinit
20000000    20000000    00000204   00000000    rw-
  20000000    20000000    00000200   00000000    rw- .stack
  20000200    20000200    00000004   00000000    rw- .data


SECTION ALLOCATION MAP

 output                                  attributes/
section   page    origin      length       input sections
--------  ----  ----------  ----------   ----------------
.intvecs   0    00000000    0000026c     
                  00000000    0000026c     tm4c123gh6pm_startup_ccs.obj (.intvecs)

.text      0    0000026c    0000045a     
                  0000026c    00000240     main.obj (.text)
                  000004ac    0000009c     rtsv7M4_T_le_v4SPD16_eabi.lib : memcpy_t2.asm.obj (.text)
                  00000548    0000007c     systick.obj (.text)
                  000005c4    00000068     rtsv7M4_T_le_v4SPD16_eabi.lib : copy_decompress_lzss.c.obj (.text:decompress:lzss:__TI_decompress_lzss)
                  0000062c    00000044                                   : autoinit.c.obj (.text:__TI_auto_init_nobinit_nopinit:__TI_auto_init_nobinit_nopinit)
                  00000670    00000034                                   : boot_cortex_m.c.obj (.text:_c_int00_noargs:_c_int00_noargs)
                  000006a4    0000000e                                   : copy_decompress_none.c.obj (.text:decompress:none:__TI_decompress_none)
                  000006b2    0000000c     tm4c123gh6pm_startup_ccs.obj (.text)
                  000006be    00000004     rtsv7M4_T_le_v4SPD16_eabi.lib : pre_init.c.obj (.text:_system_pre_init)
                  000006c2    00000004                                   : exit.c.obj (.text:abort:abort)

.cinit     0    000006c8    00000018     
                  000006c8    00000008     (__TI_handler_table)
                  000006d0    00000007     (.cinit..data.load) [load image, compression = lzss]
                  000006d7    00000001     --HOLE-- [fill = 0]
                  000006d8    00000008     (__TI_cinit_table)

.init_array 
*          0    00000000    00000000     UNINITIALIZED

.data      0    20000200    00000004     UNINITIALIZED
                  20000200    00000004     systick.obj (.data)

.stack     0    20000000    00000200     UNINITIALIZED
                  20000000    00000004     rtsv7M4_T_le_v4SPD16_eabi.lib : boot_cortex_m.c.obj (.stack)
                  20000004    000001fc     --HOLE--

__llvm_prf_cnts 
*          0    20000000    00000000     UNINITIALIZED

MODULE SUMMARY

       Module                         code   ro data   rw data
       ------                         ----   -------   -------
    .\
       tm4c123gh6pm_startup_ccs.obj   12     620       0      
       main.obj                       576    0         0      
       systick.obj                    124    0         4      
    +--+------------------------------+------+---------+---------+
       Total:                         712    620       4      
                                                              
    C:\ti\ccs1260\ccs\tools\compiler\ti-cgt-arm_20.2.7.LTS\lib\rtsv7M4_T_le_v4SPD16_eabi.lib
       memcpy_t2.asm.obj              156    0         0      
       copy_decompress_lzss.c.obj     104    0         0      
       autoinit.c.obj                 68     0         0      
       boot_cortex_m.c.obj            52     0         0      
       copy_decompress_none.c.obj     14     0         0      
       exit.c.obj                     4      0         0      
       pre_init.c.obj                 4      0         0      
    +--+------------------------------+------+---------+---------+
       Total:                         402    0         0      
                                                              
       Stack:                         0      0         512    
       Linker Generated:              0      23        0      
    +--+------------------------------+------+---------+---------+
       Grand Total:                   1114   643       516    


LINKER GENERATED COPY TABLES

__TI_cinit_table @ 000006d8 records: 1, size/record: 8, table size: 8
	.data: load addr=000006d0, load size=00000007 bytes, run addr=20000200, run size=00000004 bytes, compression=lzss


LINKER GENERATED HANDLER TABLE

__TI_handler_table @ 000006c8 records: 2, size/record: 4, table size: 8
	index: 0, handler: __TI_decompress_lzss
	index: 1, handler: __TI_decompress_none


GLOBAL SYMBOLS: SORTED ALPHABETICALLY BY Name 

address   name                          
-------   ----                          
000006c3  C$$EXIT                       
00000293  GPIO_init                     
000002e7  Printdata                     
000006b3  ResetISR                      
00000549  SysTick_Handler               
20000200  __STACK_END                   
00000200  __STACK_SIZE                  
20000200  __STACK_TOP                   
000006d8  __TI_CINIT_Base               
000006e0  __TI_CINIT_Limit              
000006c8  __TI_Handler_Table_Base       
000006d0  __TI_Handler_Table_Limit      
0000062d  __TI_auto_init_nobinit_nopinit
000005c5  __TI_decompress_lzss          
000006a5  __TI_decompress_none          
ffffffff  __TI_pprof_out_hndl           
ffffffff  __TI_prof_data_size           
ffffffff  __TI_prof_data_start          
00000000  __TI_static_base__            
000004ad  __aeabi_memcpy                
000004ad  __aeabi_memcpy4               
000004ad  __aeabi_memcpy8               
ffffffff  __binit__                     
ffffffff  __c_args__                    
UNDEFED   __mpu_init                    
20000000  __stack                       
20000000  __start___llvm_prf_cnts       
20000000  __stop___llvm_prf_cnts        
00000671  _c_int00_noargs               
UNDEFED   _system_post_cinit            
000006bf  _system_pre_init              
000006c3  abort                         
ffffffff  binit                         
0000045b  delay                         
00000000  g_pfnVectors                  
00000553  init_systick                  
0000036b  lcd_cmd                       
00000407  lcd_data                      
000002cb  lcd_init                      
000003d3  lcd_string                    
0000026d  main                          
000004ad  memcpy                        
20000200  ticks                         


GLOBAL SYMBOLS: SORTED BY Symbol Address 

address   name                          
-------   ----                          
00000000  __TI_static_base__            
00000000  g_pfnVectors                  
00000200  __STACK_SIZE                  
0000026d  main                          
00000293  GPIO_init                     
000002cb  lcd_init                      
000002e7  Printdata                     
0000036b  lcd_cmd                       
000003d3  lcd_string                    
00000407  lcd_data                      
0000045b  delay                         
000004ad  __aeabi_memcpy                
000004ad  __aeabi_memcpy4               
000004ad  __aeabi_memcpy8               
000004ad  memcpy                        
00000549  SysTick_Handler               
00000553  init_systick                  
000005c5  __TI_decompress_lzss          
0000062d  __TI_auto_init_nobinit_nopinit
00000671  _c_int00_noargs               
000006a5  __TI_decompress_none          
000006b3  ResetISR                      
000006bf  _system_pre_init              
000006c3  C$$EXIT                       
000006c3  abort                         
000006c8  __TI_Handler_Table_Base       
000006d0  __TI_Handler_Table_Limit      
000006d8  __TI_CINIT_Base               
000006e0  __TI_CINIT_Limit              
20000000  __stack                       
20000000  __start___llvm_prf_cnts       
20000000  __stop___llvm_prf_cnts        
20000200  __STACK_END                   
20000200  __STACK_TOP                   
20000200  ticks                         
ffffffff  __TI_pprof_out_hndl           
ffffffff  __TI_prof_data_size           
ffffffff  __TI_prof_data_start          
ffffffff  __binit__                     
ffffffff  __c_args__                    
ffffffff  binit                         
UNDEFED   __mpu_init                    
UNDEFED   _system_post_cinit            

[43 symbols]
