******************************************************************************
                  TI ARM Linker PC v20.2.7                     
******************************************************************************
>> Linked Mon Mar  3 16:42:29 2025

OUTPUT FILE NAME:   <ass_3.out>
ENTRY POINT SYMBOL: "_c_int00_noargs"  address: 000007a5


MEMORY CONFIGURATION

         name            origin    length      used     unused   attr    fill
----------------------  --------  ---------  --------  --------  ----  --------
  FLASH                 00000000   00040000  0000081b  0003f7e5  R  X
  SRAM                  20000000   00008000  00000204  00007dfc  RW X


SEGMENT ALLOCATION MAP

run origin  load origin   length   init length attrs members
----------  ----------- ---------- ----------- ----- -------
00000000    00000000    00000820   00000820    r-x
  00000000    00000000    0000026c   0000026c    r-- .intvecs
  0000026c    0000026c    0000058e   0000058e    r-x .text
  000007fa    000007fa    00000009   00000009    r-- .const
  00000808    00000808    00000018   00000018    r-- .cinit
20000000    20000000    00000204   00000000    rw-
  20000000    20000000    00000200   00000000    rw- .stack
  20000200    20000200    00000004   00000000    rw- .data


SECTION ALLOCATION MAP

 output                                  attributes/
section   page    origin      length       input sections
--------  ----  ----------  ----------   ----------------
.intvecs   0    00000000    0000026c     
                  00000000    0000026c     tm4c123gh6pm_startup_ccs.obj (.intvecs)

.text      0    0000026c    0000058e     
                  0000026c    000001f8     lcd.obj (.text)
                  00000464    00000128     main.obj (.text)
                  0000058c    0000009c     rtsv7M4_T_le_v4SPD16_eabi.lib : memcpy_t2.asm.obj (.text)
                  00000628    0000007c     systick.obj (.text)
                  000006a4    00000068     rtsv7M4_T_le_v4SPD16_eabi.lib : copy_decompress_lzss.c.obj (.text:decompress:lzss:__TI_decompress_lzss)
                  0000070c    00000054     GPIO.obj (.text)
                  00000760    00000044     rtsv7M4_T_le_v4SPD16_eabi.lib : autoinit.c.obj (.text:__TI_auto_init_nobinit_nopinit:__TI_auto_init_nobinit_nopinit)
                  000007a4    00000034                                   : boot_cortex_m.c.obj (.text:_c_int00_noargs:_c_int00_noargs)
                  000007d8    0000000e                                   : copy_decompress_none.c.obj (.text:decompress:none:__TI_decompress_none)
                  000007e6    0000000c     tm4c123gh6pm_startup_ccs.obj (.text)
                  000007f2    00000004     rtsv7M4_T_le_v4SPD16_eabi.lib : pre_init.c.obj (.text:_system_pre_init)
                  000007f6    00000004                                   : exit.c.obj (.text:abort:abort)

.const     0    000007fa    00000009     
                  000007fa    00000009     main.obj (.const:.string:$P$T0$1)

.cinit     0    00000808    00000018     
                  00000808    00000008     (__TI_handler_table)
                  00000810    00000007     (.cinit..data.load) [load image, compression = lzss]
                  00000817    00000001     --HOLE-- [fill = 0]
                  00000818    00000008     (__TI_cinit_table)

.init_array 
*          0    00000000    00000000     UNINITIALIZED

.data      0    20000200    00000004     UNINITIALIZED
                  20000200    00000004     systick.obj (.data)

.stack     0    20000000    00000200     UNINITIALIZED
                  20000000    00000004     rtsv7M4_T_le_v4SPD16_eabi.lib : boot_cortex_m.c.obj (.stack)
                  20000004    000001fc     --HOLE--

__llvm_prf_cnts 
*          0    20000000    00000000     UNINITIALIZED

MODULE SUMMARY

       Module                         code   ro data   rw data
       ------                         ----   -------   -------
    .\
       tm4c123gh6pm_startup_ccs.obj   12     620       0      
       lcd.obj                        504    0         0      
       main.obj                       296    9         0      
       systick.obj                    124    0         4      
       GPIO.obj                       84     0         0      
    +--+------------------------------+------+---------+---------+
       Total:                         1020   629       4      
                                                              
    C:\ti\ccs1260\ccs\tools\compiler\ti-cgt-arm_20.2.7.LTS\lib\rtsv7M4_T_le_v4SPD16_eabi.lib
       memcpy_t2.asm.obj              156    0         0      
       copy_decompress_lzss.c.obj     104    0         0      
       autoinit.c.obj                 68     0         0      
       boot_cortex_m.c.obj            52     0         0      
       copy_decompress_none.c.obj     14     0         0      
       exit.c.obj                     4      0         0      
       pre_init.c.obj                 4      0         0      
    +--+------------------------------+------+---------+---------+
       Total:                         402    0         0      
                                                              
       Stack:                         0      0         512    
       Linker Generated:              0      23        0      
    +--+------------------------------+------+---------+---------+
       Grand Total:                   1422   652       516    


LINKER GENERATED COPY TABLES

__TI_cinit_table @ 00000818 records: 1, size/record: 8, table size: 8
	.data: load addr=00000810, load size=00000007 bytes, run addr=20000200, run size=00000004 bytes, compression=lzss


LINKER GENERATED HANDLER TABLE

__TI_handler_table @ 00000808 records: 2, size/record: 4, table size: 8
	index: 0, handler: __TI_decompress_lzss
	index: 1, handler: __TI_decompress_none


GLOBAL SYMBOLS: SORTED ALPHABETICALLY BY Name 

address   name                          
-------   ----                          
000007f7  C$$EXIT                       
0000070d  GPIO_init                     
00000287  Printdata                     
000007e7  ResetISR                      
20000200  __STACK_END                   
00000200  __STACK_SIZE                  
20000200  __STACK_TOP                   
00000818  __TI_CINIT_Base               
00000820  __TI_CINIT_Limit              
00000808  __TI_Handler_Table_Base       
00000810  __TI_Handler_Table_Limit      
00000761  __TI_auto_init_nobinit_nopinit
000006a5  __TI_decompress_lzss          
000007d9  __TI_decompress_none          
ffffffff  __TI_pprof_out_hndl           
ffffffff  __TI_prof_data_size           
ffffffff  __TI_prof_data_start          
00000000  __TI_static_base__            
0000058d  __aeabi_memcpy                
0000058d  __aeabi_memcpy4               
0000058d  __aeabi_memcpy8               
ffffffff  __binit__                     
ffffffff  __c_args__                    
UNDEFED   __mpu_init                    
20000000  __stack                       
20000000  __start___llvm_prf_cnts       
20000000  __stop___llvm_prf_cnts        
000007a5  _c_int00_noargs               
UNDEFED   _system_post_cinit            
000007f3  _system_pre_init              
000007f7  abort                         
ffffffff  binit                         
00000417  clearDisplay                  
000003fb  delay                         
00000445  displayTime                   
00000000  g_pfnVectors                  
00000633  init_systick                  
0000030b  lcd_cmd                       
000003a7  lcd_data                      
0000026d  lcd_init                      
00000373  lcd_string                    
00000465  main                          
0000058d  memcpy                        
00000421  setCursor                     
00000629  systick_handler               
20000200  ticks                         
000004c7  timeIncrementer               


GLOBAL SYMBOLS: SORTED BY Symbol Address 

address   name                          
-------   ----                          
00000000  __TI_static_base__            
00000000  g_pfnVectors                  
00000200  __STACK_SIZE                  
0000026d  lcd_init                      
00000287  Printdata                     
0000030b  lcd_cmd                       
00000373  lcd_string                    
000003a7  lcd_data                      
000003fb  delay                         
00000417  clearDisplay                  
00000421  setCursor                     
00000445  displayTime                   
00000465  main                          
000004c7  timeIncrementer               
0000058d  __aeabi_memcpy                
0000058d  __aeabi_memcpy4               
0000058d  __aeabi_memcpy8               
0000058d  memcpy                        
00000629  systick_handler               
00000633  init_systick                  
000006a5  __TI_decompress_lzss          
0000070d  GPIO_init                     
00000761  __TI_auto_init_nobinit_nopinit
000007a5  _c_int00_noargs               
000007d9  __TI_decompress_none          
000007e7  ResetISR                      
000007f3  _system_pre_init              
000007f7  C$$EXIT                       
000007f7  abort                         
00000808  __TI_Handler_Table_Base       
00000810  __TI_Handler_Table_Limit      
00000818  __TI_CINIT_Base               
00000820  __TI_CINIT_Limit              
20000000  __stack                       
20000000  __start___llvm_prf_cnts       
20000000  __stop___llvm_prf_cnts        
20000200  __STACK_END                   
20000200  __STACK_TOP                   
20000200  ticks                         
ffffffff  __TI_pprof_out_hndl           
ffffffff  __TI_prof_data_size           
ffffffff  __TI_prof_data_start          
ffffffff  __binit__                     
ffffffff  __c_args__                    
ffffffff  binit                         
UNDEFED   __mpu_init                    
UNDEFED   _system_post_cinit            

[47 symbols]
