******************************************************************************
                  TI ARM Linker PC v20.2.7                     
******************************************************************************
>> Linked Thu Mar 13 19:55:34 2025

OUTPUT FILE NAME:   <ass_3.out>
ENTRY POINT SYMBOL: "_c_int00_noargs"  address: 00000a61


MEMORY CONFIGURATION

         name            origin    length      used     unused   attr    fill
----------------------  --------  ---------  --------  --------  ----  --------
  FLASH                 00000000   00040000  00000ad7  0003f529  R  X
  SRAM                  20000000   00008000  00000204  00007dfc  RW X


SEGMENT ALLOCATION MAP

run origin  load origin   length   init length attrs members
----------  ----------- ---------- ----------- ----- -------
00000000    00000000    00000ad8   00000ad8    r-x
  00000000    00000000    0000026c   0000026c    r-- .intvecs
  0000026c    0000026c    0000084a   0000084a    r-x .text
  00000ab6    00000ab6    00000009   00000009    r-- .const
  00000ac0    00000ac0    00000018   00000018    r-- .cinit
20000000    20000000    00000204   00000000    rw-
  20000000    20000000    00000200   00000000    rw- .stack
  20000200    20000200    00000004   00000000    rw- .data


SECTION ALLOCATION MAP

 output                                  attributes/
section   page    origin      length       input sections
--------  ----  ----------  ----------   ----------------
.intvecs   0    00000000    0000026c     
                  00000000    0000026c     tm4c123gh6pm_startup_ccs.obj (.intvecs)

.text      0    0000026c    0000084a     
                  0000026c    00000208     main.obj (.text)
                  00000474    00000200     lcd.obj (.text)
                  00000674    000001ac     uart0.obj (.text)
                  00000820    0000009c     rtsv7M4_T_le_v4SPD16_eabi.lib : memcpy_t2.asm.obj (.text)
                  000008bc    0000007c     GPIO.obj (.text)
                  00000938    0000007c     systick.obj (.text)
                  000009b4    00000068     rtsv7M4_T_le_v4SPD16_eabi.lib : copy_decompress_lzss.c.obj (.text:decompress:lzss:__TI_decompress_lzss)
                  00000a1c    00000044                                   : autoinit.c.obj (.text:__TI_auto_init_nobinit_nopinit:__TI_auto_init_nobinit_nopinit)
                  00000a60    00000034                                   : boot_cortex_m.c.obj (.text:_c_int00_noargs:_c_int00_noargs)
                  00000a94    0000000e                                   : copy_decompress_none.c.obj (.text:decompress:none:__TI_decompress_none)
                  00000aa2    0000000c     tm4c123gh6pm_startup_ccs.obj (.text)
                  00000aae    00000004     rtsv7M4_T_le_v4SPD16_eabi.lib : pre_init.c.obj (.text:_system_pre_init)
                  00000ab2    00000004                                   : exit.c.obj (.text:abort:abort)

.const     0    00000ab6    00000009     
                  00000ab6    00000009     main.obj (.const:.string:$P$T0$1)

.cinit     0    00000ac0    00000018     
                  00000ac0    00000008     (__TI_handler_table)
                  00000ac8    00000007     (.cinit..data.load) [load image, compression = lzss]
                  00000acf    00000001     --HOLE-- [fill = 0]
                  00000ad0    00000008     (__TI_cinit_table)

.init_array 
*          0    00000000    00000000     UNINITIALIZED

.data      0    20000200    00000004     UNINITIALIZED
                  20000200    00000004     systick.obj (.data)

.stack     0    20000000    00000200     UNINITIALIZED
                  20000000    00000004     rtsv7M4_T_le_v4SPD16_eabi.lib : boot_cortex_m.c.obj (.stack)
                  20000004    000001fc     --HOLE--

__llvm_prf_cnts 
*          0    20000000    00000000     UNINITIALIZED

MODULE SUMMARY

       Module                         code   ro data   rw data
       ------                         ----   -------   -------
    .\
       tm4c123gh6pm_startup_ccs.obj   12     620       0      
       main.obj                       520    9         0      
       lcd.obj                        512    0         0      
       uart0.obj                      428    0         0      
       systick.obj                    124    0         4      
       GPIO.obj                       124    0         0      
    +--+------------------------------+------+---------+---------+
       Total:                         1720   629       4      
                                                              
    C:\ti\ccs1260\ccs\tools\compiler\ti-cgt-arm_20.2.7.LTS\lib\rtsv7M4_T_le_v4SPD16_eabi.lib
       memcpy_t2.asm.obj              156    0         0      
       copy_decompress_lzss.c.obj     104    0         0      
       autoinit.c.obj                 68     0         0      
       boot_cortex_m.c.obj            52     0         0      
       copy_decompress_none.c.obj     14     0         0      
       exit.c.obj                     4      0         0      
       pre_init.c.obj                 4      0         0      
    +--+------------------------------+------+---------+---------+
       Total:                         402    0         0      
                                                              
       Stack:                         0      0         512    
       Linker Generated:              0      23        0      
    +--+------------------------------+------+---------+---------+
       Grand Total:                   2122   652       516    


LINKER GENERATED COPY TABLES

__TI_cinit_table @ 00000ad0 records: 1, size/record: 8, table size: 8
	.data: load addr=00000ac8, load size=00000007 bytes, run addr=20000200, run size=00000004 bytes, compression=lzss


LINKER GENERATED HANDLER TABLE

__TI_handler_table @ 00000ac0 records: 2, size/record: 4, table size: 8
	index: 0, handler: __TI_decompress_lzss
	index: 1, handler: __TI_decompress_none


GLOBAL SYMBOLS: SORTED ALPHABETICALLY BY Name 

address   name                          
-------   ----                          
00000ab3  C$$EXIT                       
000008bd  GPIO_init                     
000004a1  Printdata                     
00000aa3  ResetISR                      
20000200  __STACK_END                   
00000200  __STACK_SIZE                  
20000200  __STACK_TOP                   
00000ad0  __TI_CINIT_Base               
00000ad8  __TI_CINIT_Limit              
00000ac0  __TI_Handler_Table_Base       
00000ac8  __TI_Handler_Table_Limit      
00000a1d  __TI_auto_init_nobinit_nopinit
000009b5  __TI_decompress_lzss          
00000a95  __TI_decompress_none          
ffffffff  __TI_pprof_out_hndl           
ffffffff  __TI_prof_data_size           
ffffffff  __TI_prof_data_start          
00000000  __TI_static_base__            
00000821  __aeabi_memcpy                
00000821  __aeabi_memcpy4               
00000821  __aeabi_memcpy8               
ffffffff  __binit__                     
ffffffff  __c_args__                    
UNDEFED   __mpu_init                    
20000000  __stack                       
20000000  __start___llvm_prf_cnts       
20000000  __stop___llvm_prf_cnts        
00000a61  _c_int00_noargs               
UNDEFED   _system_post_cinit            
00000aaf  _system_pre_init              
00000ab3  abort                         
ffffffff  binit                         
0000039f  checkComs                     
00000629  clearDisplay                  
0000060d  delay                         
00000657  displayTime                   
00000000  g_pfnVectors                  
00000943  init_systick                  
00000525  lcd_cmd                       
000005bd  lcd_data                      
00000475  lcd_init                      
00000589  lcd_string                    
00000675  lcrh_databits                 
000006b9  lcrh_parity                   
0000069f  lcrh_stopbits                 
0000026d  main                          
00000821  memcpy                        
00000633  setCursor                     
00000939  systick_handler               
20000200  ticks                         
000002ef  timeIncrementer               
0000070d  uart0_fifos_disable           
00000701  uart0_fifos_enable            
00000723  uart0_getc                    
0000074b  uart0_init                    
00000737  uart0_putc                    
00000719  uart0_rx_rdy                  
0000072b  uart0_tx_rdy                  


GLOBAL SYMBOLS: SORTED BY Symbol Address 

address   name                          
-------   ----                          
00000000  __TI_static_base__            
00000000  g_pfnVectors                  
00000200  __STACK_SIZE                  
0000026d  main                          
000002ef  timeIncrementer               
0000039f  checkComs                     
00000475  lcd_init                      
000004a1  Printdata                     
00000525  lcd_cmd                       
00000589  lcd_string                    
000005bd  lcd_data                      
0000060d  delay                         
00000629  clearDisplay                  
00000633  setCursor                     
00000657  displayTime                   
00000675  lcrh_databits                 
0000069f  lcrh_stopbits                 
000006b9  lcrh_parity                   
00000701  uart0_fifos_enable            
0000070d  uart0_fifos_disable           
00000719  uart0_rx_rdy                  
00000723  uart0_getc                    
0000072b  uart0_tx_rdy                  
00000737  uart0_putc                    
0000074b  uart0_init                    
00000821  __aeabi_memcpy                
00000821  __aeabi_memcpy4               
00000821  __aeabi_memcpy8               
00000821  memcpy                        
000008bd  GPIO_init                     
00000939  systick_handler               
00000943  init_systick                  
000009b5  __TI_decompress_lzss          
00000a1d  __TI_auto_init_nobinit_nopinit
00000a61  _c_int00_noargs               
00000a95  __TI_decompress_none          
00000aa3  ResetISR                      
00000aaf  _system_pre_init              
00000ab3  C$$EXIT                       
00000ab3  abort                         
00000ac0  __TI_Handler_Table_Base       
00000ac8  __TI_Handler_Table_Limit      
00000ad0  __TI_CINIT_Base               
00000ad8  __TI_CINIT_Limit              
20000000  __stack                       
20000000  __start___llvm_prf_cnts       
20000000  __stop___llvm_prf_cnts        
20000200  __STACK_END                   
20000200  __STACK_TOP                   
20000200  ticks                         
ffffffff  __TI_pprof_out_hndl           
ffffffff  __TI_prof_data_size           
ffffffff  __TI_prof_data_start          
ffffffff  __binit__                     
ffffffff  __c_args__                    
ffffffff  binit                         
UNDEFED   __mpu_init                    
UNDEFED   _system_post_cinit            

[58 symbols]
