******************************************************************************
                  TI ARM Linker PC v20.2.7                     
******************************************************************************
>> Linked Mon Mar  3 13:21:42 2025

OUTPUT FILE NAME:   <ass_3.out>
ENTRY POINT SYMBOL: "_c_int00_noargs"  address: 000006b9


MEMORY CONFIGURATION

         name            origin    length      used     unused   attr    fill
----------------------  --------  ---------  --------  --------  ----  --------
  FLASH                 00000000   00040000  00000726  0003f8da  R  X
  SRAM                  20000000   00008000  00000204  00007dfc  RW X


SEGMENT ALLOCATION MAP

run origin  load origin   length   init length attrs members
----------  ----------- ---------- ----------- ----- -------
00000000    00000000    00000728   00000728    r-x
  00000000    00000000    0000026c   0000026c    r-- .intvecs
  0000026c    0000026c    000004a2   000004a2    r-x .text
  00000710    00000710    00000018   00000018    r-- .cinit
20000000    20000000    00000204   00000000    rw-
  20000000    20000000    00000200   00000000    rw- .stack
  20000200    20000200    00000004   00000000    rw- .data


SECTION ALLOCATION MAP

 output                                  attributes/
section   page    origin      length       input sections
--------  ----  ----------  ----------   ----------------
.intvecs   0    00000000    0000026c     
                  00000000    0000026c     tm4c123gh6pm_startup_ccs.obj (.intvecs)

.text      0    0000026c    000004a2     
                  0000026c    00000288     main.obj (.text)
                  000004f4    0000009c     rtsv7M4_T_le_v4SPD16_eabi.lib : memcpy_t2.asm.obj (.text)
                  00000590    0000007c     systick.obj (.text)
                  0000060c    00000068     rtsv7M4_T_le_v4SPD16_eabi.lib : copy_decompress_lzss.c.obj (.text:decompress:lzss:__TI_decompress_lzss)
                  00000674    00000044                                   : autoinit.c.obj (.text:__TI_auto_init_nobinit_nopinit:__TI_auto_init_nobinit_nopinit)
                  000006b8    00000034                                   : boot_cortex_m.c.obj (.text:_c_int00_noargs:_c_int00_noargs)
                  000006ec    0000000e                                   : copy_decompress_none.c.obj (.text:decompress:none:__TI_decompress_none)
                  000006fa    0000000c     tm4c123gh6pm_startup_ccs.obj (.text)
                  00000706    00000004     rtsv7M4_T_le_v4SPD16_eabi.lib : pre_init.c.obj (.text:_system_pre_init)
                  0000070a    00000004                                   : exit.c.obj (.text:abort:abort)

.cinit     0    00000710    00000018     
                  00000710    00000008     (__TI_handler_table)
                  00000718    00000007     (.cinit..data.load) [load image, compression = lzss]
                  0000071f    00000001     --HOLE-- [fill = 0]
                  00000720    00000008     (__TI_cinit_table)

.init_array 
*          0    00000000    00000000     UNINITIALIZED

.data      0    20000200    00000004     UNINITIALIZED
                  20000200    00000004     systick.obj (.data)

.stack     0    20000000    00000200     UNINITIALIZED
                  20000000    00000004     rtsv7M4_T_le_v4SPD16_eabi.lib : boot_cortex_m.c.obj (.stack)
                  20000004    000001fc     --HOLE--

__llvm_prf_cnts 
*          0    20000000    00000000     UNINITIALIZED

MODULE SUMMARY

       Module                         code   ro data   rw data
       ------                         ----   -------   -------
    .\
       main.obj                       648    0         0      
       tm4c123gh6pm_startup_ccs.obj   12     620       0      
       systick.obj                    124    0         4      
    +--+------------------------------+------+---------+---------+
       Total:                         784    620       4      
                                                              
    C:\ti\ccs1260\ccs\tools\compiler\ti-cgt-arm_20.2.7.LTS\lib\rtsv7M4_T_le_v4SPD16_eabi.lib
       memcpy_t2.asm.obj              156    0         0      
       copy_decompress_lzss.c.obj     104    0         0      
       autoinit.c.obj                 68     0         0      
       boot_cortex_m.c.obj            52     0         0      
       copy_decompress_none.c.obj     14     0         0      
       exit.c.obj                     4      0         0      
       pre_init.c.obj                 4      0         0      
    +--+------------------------------+------+---------+---------+
       Total:                         402    0         0      
                                                              
       Stack:                         0      0         512    
       Linker Generated:              0      23        0      
    +--+------------------------------+------+---------+---------+
       Grand Total:                   1186   643       516    


LINKER GENERATED COPY TABLES

__TI_cinit_table @ 00000720 records: 1, size/record: 8, table size: 8
	.data: load addr=00000718, load size=00000007 bytes, run addr=20000200, run size=00000004 bytes, compression=lzss


LINKER GENERATED HANDLER TABLE

__TI_handler_table @ 00000710 records: 2, size/record: 4, table size: 8
	index: 0, handler: __TI_decompress_lzss
	index: 1, handler: __TI_decompress_none


GLOBAL SYMBOLS: SORTED ALPHABETICALLY BY Name 

address   name                          
-------   ----                          
0000070b  C$$EXIT                       
000002a7  GPIO_init                     
00000315  Printdata                     
000006fb  ResetISR                      
00000591  SysTick_Handler               
20000200  __STACK_END                   
00000200  __STACK_SIZE                  
20000200  __STACK_TOP                   
00000720  __TI_CINIT_Base               
00000728  __TI_CINIT_Limit              
00000710  __TI_Handler_Table_Base       
00000718  __TI_Handler_Table_Limit      
00000675  __TI_auto_init_nobinit_nopinit
0000060d  __TI_decompress_lzss          
000006ed  __TI_decompress_none          
ffffffff  __TI_pprof_out_hndl           
ffffffff  __TI_prof_data_size           
ffffffff  __TI_prof_data_start          
00000000  __TI_static_base__            
000004f5  __aeabi_memcpy                
000004f5  __aeabi_memcpy4               
000004f5  __aeabi_memcpy8               
ffffffff  __binit__                     
ffffffff  __c_args__                    
UNDEFED   __mpu_init                    
20000000  __stack                       
20000000  __start___llvm_prf_cnts       
20000000  __stop___llvm_prf_cnts        
000006b9  _c_int00_noargs               
UNDEFED   _system_post_cinit            
00000707  _system_pre_init              
0000070b  abort                         
ffffffff  binit                         
00000489  delay                         
00000000  g_pfnVectors                  
0000059b  init_systick                  
00000399  lcd_cmd                       
00000435  lcd_data                      
000002f9  lcd_init                      
00000401  lcd_string                    
0000026d  main                          
000004f5  memcpy                        
20000200  ticks                         


GLOBAL SYMBOLS: SORTED BY Symbol Address 

address   name                          
-------   ----                          
00000000  __TI_static_base__            
00000000  g_pfnVectors                  
00000200  __STACK_SIZE                  
0000026d  main                          
000002a7  GPIO_init                     
000002f9  lcd_init                      
00000315  Printdata                     
00000399  lcd_cmd                       
00000401  lcd_string                    
00000435  lcd_data                      
00000489  delay                         
000004f5  __aeabi_memcpy                
000004f5  __aeabi_memcpy4               
000004f5  __aeabi_memcpy8               
000004f5  memcpy                        
00000591  SysTick_Handler               
0000059b  init_systick                  
0000060d  __TI_decompress_lzss          
00000675  __TI_auto_init_nobinit_nopinit
000006b9  _c_int00_noargs               
000006ed  __TI_decompress_none          
000006fb  ResetISR                      
00000707  _system_pre_init              
0000070b  C$$EXIT                       
0000070b  abort                         
00000710  __TI_Handler_Table_Base       
00000718  __TI_Handler_Table_Limit      
00000720  __TI_CINIT_Base               
00000728  __TI_CINIT_Limit              
20000000  __stack                       
20000000  __start___llvm_prf_cnts       
20000000  __stop___llvm_prf_cnts        
20000200  __STACK_END                   
20000200  __STACK_TOP                   
20000200  ticks                         
ffffffff  __TI_pprof_out_hndl           
ffffffff  __TI_prof_data_size           
ffffffff  __TI_prof_data_start          
ffffffff  __binit__                     
ffffffff  __c_args__                    
ffffffff  binit                         
UNDEFED   __mpu_init                    
UNDEFED   _system_post_cinit            

[43 symbols]
